2026/09/25 14:35:56 [INFO] Creating new pipeline job | [crtdl queries/example-crtdl-analysis.json input  localImportDir /path/to/fhir/data]
2026/09/25 14:35:56 [INFO] No input source provided, using local import from config | [dir /path/to/fhir/data]
2026/09/25 14:35:56 [INFO] Determined initial step from config | [step torch]
2026/09/25 14:35:56 [INFO] CRTDL preprocessing enabled, enriching CRTDL | [source queries/example-crtdl-analysis.json]
2026/09/25 14:35:56 [INFO] Applying CRTDL enrichments | [enrichment_count 2 original_groups 10]
2026/09/25 14:35:56 [INFO] CRTDL enriched successfully | [enriched_groups 10]
2026/09/25 14:35:56 [INFO] CRTDL saved to job directory | [path jobs/20260925_1235_88129f43-b72a-4565-af8a-7cc48a3363be/enriched-crtdl.json]
2026/09/25 14:35:56 [INFO] Job created | [job_id 20260925_1235_88129f43-b72a-4565-af8a-7cc48a3363be input_source ]
2026/09/25 14:35:56 [DEBUG] Acquired job lock | [job_id 20260925_1235_88129f43-b72a-4565-af8a-7cc48a3363be pid 47656]
2026/09/25 14:35:56 [INFO] Step started | [step torch job_id 20260925_1235_88129f43-b72a-4565-af8a-7cc48a3363be]
2026/09/25 14:35:56 [INFO] Extracting data from TORCH using CRTDL | [crtdl jobs/20260925_1235_88129f43-b72a-4565-af8a-7cc48a3363be/enriched-crtdl.json compress false]
2026/09/25 14:35:56 [INFO] Submitting CRTDL extraction to TORCH | [file jobs/20260925_1235_88129f43-b72a-4565-af8a-7cc48a3363be/enriched-crtdl.json server http://localhost:8086]
2026/09/25 14:35:56 [DEBUG] Encoded CRTDL to base64 | [original_size 10283 encoded_size 13712]
2026/09/25 14:35:56 [DEBUG] TORCH extraction request | [body_size 13795]
2026/09/25 14:35:56 [DEBUG] Service call | [service localhost:8086 endpoint /fhir/$extract-data method POST]
2026/09/25 14:35:56 [DEBUG] Service response | [service localhost:8086 status 202 duration 24.840292ms]
2026/09/25 14:35:56 [DEBUG] Using absolute URL from TORCH | [url http://localhost:8086/fhir/__status/a3461e61-1d05-42ea-98b2-b2fac12c4bae]
2026/09/25 14:35:56 [INFO] TORCH extraction submitted successfully | [extraction_url http://localhost:8086/fhir/__status/a3461e61-1d05-42ea-98b2-b2fac12c4bae]
2026/09/25 14:35:56 [INFO] TORCH extraction submitted; handle persisted for resume | [job_id a3461e61-1d05-42ea-98b2-b2fac12c4bae url http://localhost:8086/fhir/__status/a3461e61-1d05-42ea-98b2-b2fac12c4bae]
2026/09/25 14:35:56 [INFO] Polling TORCH extraction status | [url http://localhost:8086/fhir/__status/a3461e61-1d05-42ea-98b2-b2fac12c4bae]
2026/09/25 14:35:56 [DEBUG] Polling TORCH extraction | [attempt 1 interval 5s]
2026/09/25 14:35:56 [DEBUG] Service call | [service localhost:8086 endpoint /fhir/__status/a3461e61-1d05-42ea-98b2-b2fac12c4bae method GET]
2026/09/25 14:35:56 [DEBUG] Service response | [service localhost:8086 status 202 duration 4.303541ms]
2026/09/25 14:35:56 [INFO] TORCH extraction progress | [diagnostics Job a3461e61-1d05-42ea-98b2-b2fac12c4bae
 status: PENDING
 batch progress: 0.0%
 cohort Size: 0]
2026/09/25 14:36:01 [DEBUG] Polling TORCH extraction | [attempt 2 interval 10s]
2026/09/25 14:36:01 [DEBUG] Service call | [service localhost:8086 endpoint /fhir/__status/a3461e61-1d05-42ea-98b2-b2fac12c4bae method GET]
2026/09/25 14:36:01 [DEBUG] Service response | [service localhost:8086 status 200 duration 16.072583ms]
2026/09/25 14:36:01 [INFO] TORCH extraction completed
2026/09/25 14:36:01 [DEBUG] TORCH extraction response body | [body {"transactionTime":"2026-09-25T12:35:56.297172794Z","request":"http://localhost:8086/fhir/$extract-data","requiresAccessToken":false,"output":[{"url":"http://localhost/a3461e61-1d05-42ea-98b2-b2fac12c4bae/05dba94e-672d-4de6-91bc-e82cd725427a.ndjson","type":"NDJSON Bundle"},{"url":"http://localhost/a3461e61-1d05-42ea-98b2-b2fac12c4bae/core.ndjson","type":"NDJSON Bundle"}],"error":[],"extension":[{"url":"https://torch.mii.de/fhir/StructureDefinition/torch-job","valueObject":{"id":"a3461e61-1d05-42ea-98b2-b2fac12c4bae","status":"COMPLETED","cohortState":{"status":"FINISHED","startedAt":"2026-09-25T12:35:56.401938710Z","finishedAt":"2026-09-25T12:35:56.602442127Z","retry":0},"cohortSize":30,"batches":{"05dba94e-672d-4de6-91bc-e82cd725427a":{"batchId":"05dba94e-672d-4de6-91bc-e82cd725427a","state":{"status":"FINISHED","startedAt":"2026-09-25T12:35:56.604544252Z","finishedAt":"2026-09-25T12:35:56.966614836Z","retry":0}}},"startedAt":"2026-09-25T12:35:56.297172794Z","updatedAt":"2026-09-25T12:35:57.041964461Z","finishedAt":"2026-09-25T12:35:57.033584669Z","issues":[],"parameters":{"crtdl":{"cohortDefinition":{"version":"http://to_be_decided.com/draft-1/schema#","display":"Ausgewählte Merkmale","inclusionCriteria":[[{"termCodes":[{"code":"263495000","display":"Geschlecht","system":"http://snomed.info/sct","version":""}],"context":{"code":"Patient","display":"Patient","system":"fdpg.mii.cds","version":"1.0.0"},"valueFilter":{"selectedConcepts":[{"code":"female","display":"Female","system":"http://hl7.org/fhir/administrative-gender"},{"code":"male","display":"Male","system":"http://hl7.org/fhir/administrative-gender"}],"type":"concept"}}]]},"dataExtraction":{"attributeGroups":[{"name":"Patients","id":"90082bc6-2007-4c8e-b083-d88034ea7f07","resourceType":"Patient","groupReference":"https://www.medizininformatik-initiative.de/fhir/core/modul-person/StructureDefinition/PatientPseudonymisiert","attributes":[{"attributeRef":"Patient.id","fhirPath":"Patient.id","mustHave":false,"linkedGroups":[]},{"attributeRef":"Patient.meta.profile","fhirPath":"Patient.meta.profile","mustHave":false,"linkedGroups":[]},{"attributeRef":"Patient.deceased[x]","fhirPath":"Patient.deceased","mustHave":false,"linkedGroups":[]},{"attributeRef":"Patient.identifier","fhirPath":"Patient.identifier","mustHave":false,"linkedGroups":[]},{"attributeRef":"Patient.birthDate","fhirPath":"Patient.birthDate","mustHave":false,"linkedGroups":[]},{"attributeRef":"Patient.gender","fhirPath":"Patient.gender","mustHave":false,"linkedGroups":[]}],"filter":[],"includeReferenceOnly":false},{"name":"diagnosis-code-and-rec-date-only","id":"47697a47-66b7-435d-99a8-3f1b7e219a5c","resourceType":"Condition","groupReference":"https://www.medizininformatik-initiative.de/fhir/core/modul-diagnose/StructureDefinition/Diagnose","attributes":[{"attributeRef":"Condition.id","fhirPath":"Condition.id","mustHave":false,"linkedGroups":[]},{"attributeRef":"Condition.meta.profile","fhirPath":"Condition.meta.profile","mustHave":false,"linkedGroups":[]},{"attributeRef":"Condition.subject","fhirPath":"Condition.subject","mustHave":false,"linkedGroups":["90082bc6-2007-4c8e-b083-d88034ea7f07"]},{"attributeRef":"Condition.recordedDate","fhirPath":"Condition.recordedDate","mustHave":false,"linkedGroups":[]},{"attributeRef":"Condition.code.coding:sct","fhirPath":"Condition.code.coding.where($this.system='http://snomed.info/sct')","mustHave":false,"linkedGroups":[]},{"attributeRef":"Condition.encounter","fhirPath":"Condition.encounter","mustHave":false,"linkedGroups":["64d85b08-4b2b-4edd-a599-3eb301d2ddc0"]}],"filter":[],"includeReferenceOnly":false},{"name":"Diagnosis-all-fields","id":"508c05ea-1def-46a4-830e-252bd8b25dfa","resourceType":"Condition","groupReference":"https://www.medizininformatik-initiative.de/fhir/core/modul-diagnose/StructureDefinition/Diagnose","attributes":[{"attributeRef":"Condition.id","fhirPath":"Condition.id","mustHave":false,"linkedGroups":[]},{"attributeRef":"Condition.meta.profile","fhirPath":"Condition.meta.profile","mustHave":false,"linkedGroups":[]},{"attributeRef":"Condition.subject","fhirPath":"Condition.subject","mustHave":false,"linkedGroups":["90082bc6-2007-4c8e-b083-d88034ea7f07"]},{"attributeRef":"Condition.abatement[x]","fhirPath":"Condition.abatement","mustHave":false,"linkedGroups":[]},{"attributeRef":"Condition.clinicalStatus","fhirPath":"Condition.clinicalStatus","mustHave":false,"linkedGroups":[]},{"attributeRef":"Condition.code","fhirPath":"Condition.code","mustHave":false,"linkedGroups":[]},{"attributeRef":"Condition.onset[x]","fhirPath":"Condition.onset","mustHave":false,"linkedGroups":[]},{"attributeRef":"Condition.recordedDate","fhirPath":"Condition.recordedDate","mustHave":false,"linkedGroups":[]},{"attributeRef":"Condition.verificationStatus","fhirPath":"Condition.verificationStatus","mustHave":false,"linkedGroups":[]},{"attributeRef":"Condition.bodySite","fhirPath":"Condition.bodySite","mustHave":false,"linkedGroups":[]},{"attributeRef":"Condition.category","fhirPath":"Condition.category","mustHave":false,"linkedGroups":[]},{"attributeRef":"Condition.evidence","fhirPath":"Condition.evidence","mustHave":false,"linkedGroups":[]},{"attributeRef":"Condition.extension:Feststellungsdatum","fhirPath":"Condition.extension.where(url='http://hl7.org/fhir/StructureDefinition/condition-assertedDate')","mustHave":false,"linkedGroups":[]},{"attributeRef":"Condition.identifier","fhirPath":"Condition.identifier","mustHave":false,"linkedGroups":[]},{"attributeRef":"Condition.note","fhirPath":"Condition.note","mustHave":false,"linkedGroups":[]},{"attributeRef":"Condition.severity","fhirPath":"Condition.severity","mustHave":false,"linkedGroups":[]},{"attributeRef":"Condition.stage","fhirPath":"Condition.stage","mustHave":false,"linkedGroups":[]},{"attributeRef":"Condition.text","fhirPath":"Condition.text","mustHave":false,"linkedGroups":[]}],"filter":[],"includeReferenceOnly":false},{"name":"MII PR Prozedur Procedure","id":"fb5a0c9c-3af5-4012-809c-e99107c4c5fb","resourceType":"Procedure","groupReference":"https://www.medizininformatik-initiative.de/fhir/core/modul-prozedur/StructureDefinition/Procedure","attributes":[{"attributeRef":"Procedure.id","fhirPath":"Procedure.id","mustHave":false,"linkedGroups":[]},{"attributeRef":"Procedure.meta.profile","fhirPath":"Procedure.meta.profile","mustHave":false,"linkedGroups":[]},{"attributeRef":"Procedure.subject","fhirPath":"Procedure.subject","mustHave":false,"linkedGroups":["90082bc6-2007-4c8e-b083-d88034ea7f07"]},{"attributeRef":"Procedure.bodySite","fhirPath":"Procedure.bodySite","mustHave":false,"linkedGroups":[]},{"attributeRef":"Procedure.code","fhirPath":"Procedure.code","mustHave":false,"linkedGroups":[]},{"attributeRef":"Procedure.performed[x]","fhirPath":"Procedure.performed","mustHave":false,"linkedGroups":[]},{"attributeRef":"Procedure.status","fhirPath":"Procedure.status","mustHave":false,"linkedGroups":[]}],"filter":[],"includeReferenceOnly":false},{"name":"Laboratory test","id":"b5a69311-c436-4e3c-94e5-69fabccf6bc5","resourceType":"Observation","groupReference":"https://www.medizininformatik-initiative.de/fhir/core/modul-labor/StructureDefinition/ObservationLab","attributes":[{"attributeRef":"Observation.id","fhirPath":"Observation.id","mustHave":false,"linkedGroups":[]},{"attributeRef":"Observation.meta.profile","fhirPath":"Observation.meta.profile","mustHave":false,"linkedGroups":[]},{"attributeRef":"Observation.subject","fhirPath":"Observation.subject","mustHave":false,"linkedGroups":["90082bc6-2007-4c8e-b083-d88034ea7f07"]},{"attributeRef":"Observation.code","fhirPath":"Observation.code","mustHave":false,"linkedGroups":[]},{"attributeRef":"Observation.dataAbsentReason","fhirPath":"Observation.dataAbsentReason","mustHave":false,"linkedGroups":[]},{"attributeRef":"Observation.effective[x]","fhirPath":"Observation.effective","mustHave":false,"linkedGroups":[]},{"attributeRef":"Observation.identifier","fhirPath":"Observation.identifier","mustHave":false,"linkedGroups":[]},{"attributeRef":"Observation.interpretation","fhirPath":"Observation.interpretation","mustHave":false,"linkedGroups":[]},{"attributeRef":"Observation.referenceRange","fhirPath":"Observation.referenceRange","mustHave":false,"linkedGroups":[]},{"attributeRef":"Observation.value[x]","fhirPath":"Observation.value","mustHave":false,"linkedGroups":[]},{"attributeRef":"Observation.encounter","fhirPath":"Observation.encounter","mustHave":false,"linkedGroups":["64d85b08-4b2b-4edd-a599-3eb301d2ddc0"]}],"filter":[],"includeReferenceOnly":false},{"name":"MII PR Fall Kontakt mit einer Gesundheitseinrichtung","id":"64d85b08-4b2b-4edd-a599-3eb301d2ddc0","resourceType":"Encounter","groupReference":"https://www.medizininformatik-initiative.de/fhir/core/modul-fall/StructureDefinition/KontaktGesundheitseinrichtung","attributes":[{"attributeRef":"Encounter.id","fhirPath":"Encounter.id","mustHave":false,"linkedGroups":[]},{"attributeRef":"Encounter.meta.profile","fhirPath":"Encounter.meta.profile","mustHave":false,"linkedGroups":[]},{"attributeRef":"Encounter.subject","fhirPath":"Encounter.subject","mustHave":false,"linkedGroups":["90082bc6-2007-4c8e-b083-d88034ea7f07"]},{"attributeRef":"Encounter.class","fhirPath":"Encounter.class","mustHave":false,"linkedGroups":[]},{"attributeRef":"Encounter.identifier","fhirPath":"Encounter.identifier","mustHave":false,"linkedGroups":[]},{"attributeRef":"Encounter.period","fhirPath":"Encounter.period","mustHave":false,"linkedGroups":[]},{"attributeRef":"Encounter.serviceType","fhirPath":"Encounter.serviceType","mustHave":false,"linkedGroups":[]},{"attributeRef":"Encounter.status","fhirPath":"Encounter.status","mustHave":false,"linkedGroups":[]},{"attributeRef":"Encounter.type","fhirPath":"Encounter.type","mustHave":false,"linkedGroups":[]}],"filter":[],"includeReferenceOnly":false},{"name":"Medication administration","id":"86ac3c6e-1f0c-46fc-8524-28347db78d59","resourceType":"MedicationAdministration","groupReference":"https://www.medizininformatik-initiative.de/fhir/core/modul-medikation/StructureDefinition/MedicationAdministration","attributes":[{"attributeRef":"MedicationAdministration.id","fhirPath":"MedicationAdministration.id","mustHave":false,"linkedGroups":[]},{"attributeRef":"MedicationAdministration.meta.profile","fhirPath":"MedicationAdministration.meta.profile","mustHave":false,"linkedGroups":[]},{"attributeRef":"MedicationAdministration.subject","fhirPath":"MedicationAdministration.subject","mustHave":false,"linkedGroups":["90082bc6-2007-4c8e-b083-d88034ea7f07"]},{"attributeRef":"MedicationAdministration.effective[x]","fhirPath":"MedicationAdministration.effective","mustHave":false,"linkedGroups":[]},{"attributeRef":"MedicationAdministration.identifier","fhirPath":"MedicationAdministration.identifier","mustHave":false,"linkedGroups":[]},{"attributeRef":"MedicationAdministration.status","fhirPath":"MedicationAdministration.status","mustHave":false,"linkedGroups":[]},{"attributeRef":"MedicationAdministration.medication[x]","fhirPath":"MedicationAdministration.medication","mustHave":false,"linkedGroups":["07c08085-d2ae-4ed3-a0ec-385ac928f91a"]}],"filter":[],"includeReferenceOnly":false},{"name":"MII PR Medikation Medication","id":"07c08085-d2ae-4ed3-a0ec-385ac928f91a","resourceType":"Medication","groupReference":"https://www.medizininformatik-initiative.de/fhir/core/modul-medikation/StructureDefinition/Medication","attributes":[{"attributeRef":"Medication.id","fhirPath":"Medication.id","mustHave":false,"linkedGroups":[]},{"attributeRef":"Medication.meta.profile","fhirPath":"Medication.meta.profile","mustHave":false,"linkedGroups":[]},{"attributeRef":"Medication.code","fhirPath":"Medication.code","mustHave":false,"linkedGroups":[]},{"attributeRef":"Medication.ingredient","fhirPath":"Medication.ingredient","mustHave":false,"linkedGroups":[]},{"attributeRef":"Medication.ingredient.item[x]","fhirPath":"Medication.ingredient.item","mustHave":false,"linkedGroups":["48176de1-0ad0-4191-a18b-53f260319730"]}],"filter":[],"includeReferenceOnly":false},{"name":"Medication Ingredient","id":"48176de1-0ad0-4191-a18b-53f260319730","resourceType":"Medication","groupReference":"https://www.medizininformatik-initiative.de/fhir/core/modul-medikation/StructureDefinition/Medication","attributes":[{"attributeRef":"Medication.id","fhirPath":"Medication.id","mustHave":false,"linkedGroups":[]},{"attributeRef":"Medication.meta.profile","fhirPath":"Medication.meta.profile","mustHave":false,"linkedGroups":[]},{"attributeRef":"Medication.code","fhirPath":"Medication.code","mustHave":false,"linkedGroups":[]},{"attributeRef":"Medication.ingredient","fhirPath":"Medication.ingredient","mustHave":false,"linkedGroups":[]}],"filter":[],"includeReferenceOnly":true},{"name":"Medication statement","id":"69ca6ff1-d2c6-4d66-ae9b-4675004b5116","resourceType":"MedicationStatement","groupReference":"https://www.medizininformatik-initiative.de/fhir/core/modul-medikation/StructureDefinition/MedicationStatement","attributes":[{"attributeRef":"MedicationStatement.id","fhirPath":"MedicationStatement.id","mustHave":false,"linkedGroups":[]},{"attributeRef":"MedicationStatement.meta.profile","fhirPath":"MedicationStatement.meta.profile","mustHave":false,"linkedGroups":[]},{"attributeRef":"MedicationStatement.subject","fhirPath":"MedicationStatement.subject","mustHave":false,"linkedGroups":["90082bc6-2007-4c8e-b083-d88034ea7f07"]},{"attributeRef":"MedicationStatement.effective[x]","fhirPath":"MedicationStatement.effective","mustHave":false,"linkedGroups":[]},{"attributeRef":"MedicationStatement.identifier","fhirPath":"MedicationStatement.identifier","mustHave":false,"linkedGroups":[]},{"attributeRef":"MedicationStatement.status","fhirPath":"MedicationStatement.status","mustHave":false,"linkedGroups":[]},{"attributeRef":"MedicationStatement.medication[x]","fhirPath":"MedicationStatement.medication","mustHave":false,"linkedGroups":["07c08085-d2ae-4ed3-a0ec-385ac928f91a"]}],"filter":[],"includeReferenceOnly":false}]},"consentCodes":null},"paramBatch":[],"kickOffUrl":"http://localhost:8086/fhir/$extract-data"},"priority":"NORMAL","coreState":{"status":"FINISHED","startedAt":"2026-09-25T12:35:56.975724294Z","finishedAt":"2026-09-25T12:35:57.033591836Z","retry":0},"version":7,"nextBatch":null}},{"url":"torch-job-diagnostics-summary","valueUrl":"http://localhost/a3461e61-1d05-42ea-98b2-b2fac12c4bae/reports/job-summary.json","valueObject":{"Num-Cohort-Patients":30,"Num-Final-Patients":30,"Cohort-Query-Duration-Ms":193,"Duration-Measurements":{"COPY_REDACT":{"medianMs":25,"averageMs":14},"CONSENT_FETCH":{"medianMs":0,"averageMs":0},"REFERENCE_RESOLVE":{"medianMs":48,"averageMs":27},"CASCADING_DELETE":{"medianMs":1,"averageMs":0},"DIRECT_LOAD":{"medianMs":82,"averageMs":44}},"Patient-Exclusions":{"DIRECT_LOAD":0,"CASCADING_DELETE":0,"CONSENT_FETCH":0},"Resource-Exclusions":{},"Resource-Inclusions":{"07c08085-d2ae-4ed3-a0ec-385ac928f91a":26,"90082bc6-2007-4c8e-b083-d88034ea7f07":30,"b5a69311-c436-4e3c-94e5-69fabccf6bc5":31,"fb5a0c9c-3af5-4012-809c-e99107c4c5fb":20,"508c05ea-1def-46a4-830e-252bd8b25dfa":10,"48176de1-0ad0-4191-a18b-53f260319730":1,"47697a47-66b7-435d-99a8-3f1b7e219a5c":10,"64d85b08-4b2b-4edd-a599-3eb301d2ddc0":10,"69ca6ff1-d2c6-4d66-ae9b-4675004b5116":23,"86ac3c6e-1f0c-46fc-8524-28347db78d59":20}}},{"url":"torch-resource-exclusions","valueUrl":"http://localhost/a3461e61-1d05-42ea-98b2-b2fac12c4bae/reports/resource-exclusions.csv"},{"url":"torch-patient-exclusions","valueUrl":"http://localhost/a3461e61-1d05-42ea-98b2-b2fac12c4bae/reports/patient-exclusions.csv"}]}]
2026/09/25 14:36:01 [DEBUG] Parsing TORCH extraction result | [body_length 15613]
2026/09/25 14:36:01 [DEBUG] Parsed TORCH simple format response | [file_count 2]
2026/09/25 14:36:01 [DEBUG] Using absolute URL from TORCH | [url http://localhost/a3461e61-1d05-42ea-98b2-b2fac12c4bae/05dba94e-672d-4de6-91bc-e82cd725427a.ndjson]
2026/09/25 14:36:01 [DEBUG] Using absolute URL from TORCH | [url http://localhost/a3461e61-1d05-42ea-98b2-b2fac12c4bae/core.ndjson]
2026/09/25 14:36:01 [DEBUG] Extracted URLs from simple format | [file_count 2]
2026/09/25 14:36:01 [INFO] TORCH extraction completed | [polls 2]
2026/09/25 14:36:01 [INFO] Downloading TORCH extraction files | [file_count 2 destination jobs/20260925_1235_88129f43-b72a-4565-af8a-7cc48a3363be/import]
2026/09/25 14:36:01 [DEBUG] Downloading TORCH file | [index 1 total 2 url http://localhost/a3461e61-1d05-42ea-98b2-b2fac12c4bae/05dba94e-672d-4de6-91bc-e82cd725427a.ndjson]
2026/09/25 14:36:01 [DEBUG] Service call | [service localhost endpoint /a3461e61-1d05-42ea-98b2-b2fac12c4bae/05dba94e-672d-4de6-91bc-e82cd725427a.ndjson method HEAD]
2026/09/25 14:36:01 [DEBUG] Service response | [service localhost status 200 duration 4.941375ms]
2026/09/25 14:36:01 [DEBUG] File is available | [url http://localhost/a3461e61-1d05-42ea-98b2-b2fac12c4bae/05dba94e-672d-4de6-91bc-e82cd725427a.ndjson attempt 1]
2026/09/25 14:36:01 [INFO] Downloaded TORCH file | [file 05dba94e-672d-4de6-91bc-e82cd725427a.ndjson size 219346 resources 30 compressed false]
2026/09/25 14:36:01 [DEBUG] Downloading TORCH file | [index 2 total 2 url http://localhost/a3461e61-1d05-42ea-98b2-b2fac12c4bae/core.ndjson]
2026/09/25 14:36:01 [DEBUG] Service call | [service localhost endpoint /a3461e61-1d05-42ea-98b2-b2fac12c4bae/core.ndjson method HEAD]
2026/09/25 14:36:01 [DEBUG] Service response | [service localhost status 200 duration 1.343291ms]
2026/09/25 14:36:01 [DEBUG] File is available | [url http://localhost/a3461e61-1d05-42ea-98b2-b2fac12c4bae/core.ndjson attempt 1]
2026/09/25 14:36:01 [INFO] Downloaded TORCH file | [file core.ndjson size 26374 resources 1 compressed false]
2026/09/25 14:36:01 [INFO] All TORCH files downloaded successfully | [total_files 2]
2026/09/25 14:36:01 [INFO] Step completed | [step torch job_id 20260925_1235_88129f43-b72a-4565-af8a-7cc48a3363be files 2 duration 5.065461542s]
2026/09/25 14:36:01 [INFO] Step started | [step dimp job_id 20260925_1235_88129f43-b72a-4565-af8a-7cc48a3363be]
2026/09/25 14:36:01 [DEBUG] Processing FHIR resource | [file 05dba94e-672d-4de6-91bc-e82cd725427a.ndjson resource_number 1 resourceType Bundle id 578b6b69-3783-45ef-80fa-b8aae49c6740]
2026/09/25 14:36:01 [DEBUG] Bundle size below threshold, processing directly | [bundle_id 578b6b69-3783-45ef-80fa-b8aae49c6740 size_bytes 1396 threshold_bytes 10485760]
2026/09/25 14:36:01 [DEBUG] Sending resource to DIMP | [resourceType Bundle id 578b6b69-3783-45ef-80fa-b8aae49c6740 url http://localhost:8083/fhir/$de-identify]
2026/09/25 14:36:01 [DEBUG] Service call | [service localhost:8083 endpoint /fhir/$de-identify method POST]
2026/09/25 14:36:01 [DEBUG] Service response | [service localhost:8083 status 200 duration 117.350958ms]
2026/09/25 14:36:01 [DEBUG] Resource ID pseudonymized | [resourceType Bundle original_id 578b6b69-3783-45ef-80fa-b8aae49c6740 new_id d09f521c1933cb36eccdcf0c593425a4]
2026/09/25 14:36:01 [DEBUG] Processing FHIR resource | [file 05dba94e-672d-4de6-91bc-e82cd725427a.ndjson resource_number 2 resourceType Bundle id 856791b4-713d-4bcd-a09d-9a8954ec23d5]
2026/09/25 14:36:01 [DEBUG] Bundle size below threshold, processing directly | [bundle_id 856791b4-713d-4bcd-a09d-9a8954ec23d5 size_bytes 1407 threshold_bytes 10485760]
2026/09/25 14:36:01 [DEBUG] Sending resource to DIMP | [resourceType Bundle id 856791b4-713d-4bcd-a09d-9a8954ec23d5 url http://localhost:8083/fhir/$de-identify]
2026/09/25 14:36:01 [DEBUG] Service call | [service localhost:8083 endpoint /fhir/$de-identify method POST]
2026/09/25 14:36:01 [DEBUG] Service response | [service localhost:8083 status 200 duration 16.152875ms]
2026/09/25 14:36:01 [DEBUG] Resource ID pseudonymized | [resourceType Bundle original_id 856791b4-713d-4bcd-a09d-9a8954ec23d5 new_id d0cf487758285bf01e67b9a78c085bb9]
2026/09/25 14:36:01 [DEBUG] Processing FHIR resource | [file 05dba94e-672d-4de6-91bc-e82cd725427a.ndjson resource_number 3 resourceType Bundle id 98fe7fdc-12b9-4b7e-a74e-5ff69800d06c]
2026/09/25 14:36:01 [DEBUG] Bundle size below threshold, processing directly | [bundle_id 98fe7fdc-12b9-4b7e-a74e-5ff69800d06c size_bytes 1401 threshold_bytes 10485760]
2026/09/25 14:36:01 [DEBUG] Sending resource to DIMP | [resourceType Bundle id 98fe7fdc-12b9-4b7e-a74e-5ff69800d06c url http://localhost:8083/fhir/$de-identify]
2026/09/25 14:36:01 [DEBUG] Service call | [service localhost:8083 endpoint /fhir/$de-identify method POST]
2026/09/25 14:36:01 [DEBUG] Service response | [service localhost:8083 status 200 duration 13.770417ms]
2026/09/25 14:36:01 [DEBUG] Resource ID pseudonymized | [resourceType Bundle original_id 98fe7fdc-12b9-4b7e-a74e-5ff69800d06c new_id cc167730af714b20a22cb2320c13566a]
2026/09/25 14:36:01 [DEBUG] Processing FHIR resource | [file 05dba94e-672d-4de6-91bc-e82cd725427a.ndjson resource_number 4 resourceType Bundle id 2c32c781-6f27-4d8b-817e-f5fd04ba8ad0]
2026/09/25 14:36:01 [DEBUG] Bundle size below threshold, processing directly | [bundle_id 2c32c781-6f27-4d8b-817e-f5fd04ba8ad0 size_bytes 1668 threshold_bytes 10485760]
2026/09/25 14:36:01 [DEBUG] Sending resource to DIMP | [resourceType Bundle id 2c32c781-6f27-4d8b-817e-f5fd04ba8ad0 url http://localhost:8083/fhir/$de-identify]
2026/09/25 14:36:01 [DEBUG] Service call | [service localhost:8083 endpoint /fhir/$de-identify method POST]
2026/09/25 14:36:01 [DEBUG] Service response | [service localhost:8083 status 200 duration 99.345916ms]
2026/09/25 14:36:01 [DEBUG] Resource ID pseudonymized | [resourceType Bundle original_id 2c32c781-6f27-4d8b-817e-f5fd04ba8ad0 new_id 6e8fc896173020d6bd20e486f0a40d95]
2026/09/25 14:36:01 [DEBUG] Processing FHIR resource | [file 05dba94e-672d-4de6-91bc-e82cd725427a.ndjson resource_number 5 resourceType Bundle id dd004424-9a26-4f17-bd08-3d8cee7184ea]
2026/09/25 14:36:01 [DEBUG] Bundle size below threshold, processing directly | [bundle_id dd004424-9a26-4f17-bd08-3d8cee7184ea size_bytes 19233 threshold_bytes 10485760]
2026/09/25 14:36:01 [DEBUG] Sending resource to DIMP | [resourceType Bundle id dd004424-9a26-4f17-bd08-3d8cee7184ea url http://localhost:8083/fhir/$de-identify]
2026/09/25 14:36:01 [DEBUG] Service call | [service localhost:8083 endpoint /fhir/$de-identify method POST]
2026/09/25 14:36:01 [DEBUG] Service response | [service localhost:8083 status 200 duration 65.965417ms]
2026/09/25 14:36:01 [DEBUG] Resource ID pseudonymized | [resourceType Bundle original_id dd004424-9a26-4f17-bd08-3d8cee7184ea new_id 25d4770bfd6395ff78643354f2097166]
2026/09/25 14:36:01 [DEBUG] Processing FHIR resource | [file 05dba94e-672d-4de6-91bc-e82cd725427a.ndjson resource_number 6 resourceType Bundle id 08c64b58-8be3-4d94-a30a-c968a61bae17]
2026/09/25 14:36:01 [DEBUG] Bundle size below threshold, processing directly | [bundle_id 08c64b58-8be3-4d94-a30a-c968a61bae17 size_bytes 1408 threshold_bytes 10485760]
2026/09/25 14:36:01 [DEBUG] Sending resource to DIMP | [resourceType Bundle id 08c64b58-8be3-4d94-a30a-c968a61bae17 url http://localhost:8083/fhir/$de-identify]
2026/09/25 14:36:01 [DEBUG] Service call | [service localhost:8083 endpoint /fhir/$de-identify method POST]
2026/09/25 14:36:01 [DEBUG] Service response | [service localhost:8083 status 200 duration 16.675542ms]
2026/09/25 14:36:01 [DEBUG] Resource ID pseudonymized | [resourceType Bundle original_id 08c64b58-8be3-4d94-a30a-c968a61bae17 new_id 81bdd2af9f371d08e592a97a05f11812]
2026/09/25 14:36:01 [DEBUG] Processing FHIR resource | [file 05dba94e-672d-4de6-91bc-e82cd725427a.ndjson resource_number 7 resourceType Bundle id 343853a9-21fa-4ad2-8c9d-e15cf831e32a]
2026/09/25 14:36:01 [DEBUG] Bundle size below threshold, processing directly | [bundle_id 343853a9-21fa-4ad2-8c9d-e15cf831e32a size_bytes 1406 threshold_bytes 10485760]
2026/09/25 14:36:01 [DEBUG] Sending resource to DIMP | [resourceType Bundle id 343853a9-21fa-4ad2-8c9d-e15cf831e32a url http://localhost:8083/fhir/$de-identify]
2026/09/25 14:36:01 [DEBUG] Service call | [service localhost:8083 endpoint /fhir/$de-identify method POST]
2026/09/25 14:36:01 [DEBUG] Service response | [service localhost:8083 status 200 duration 13.601042ms]
2026/09/25 14:36:01 [DEBUG] Resource ID pseudonymized | [resourceType Bundle original_id 343853a9-21fa-4ad2-8c9d-e15cf831e32a new_id e10b94662279f82773dfe407cf9f0a1c]
2026/09/25 14:36:01 [DEBUG] Processing FHIR resource | [file 05dba94e-672d-4de6-91bc-e82cd725427a.ndjson resource_number 8 resourceType Bundle id f6a184a6-4281-42f7-96d6-c4cca044b740]
2026/09/25 14:36:01 [DEBUG] Bundle size below threshold, processing directly | [bundle_id f6a184a6-4281-42f7-96d6-c4cca044b740 size_bytes 1408 threshold_bytes 10485760]
2026/09/25 14:36:01 [DEBUG] Sending resource to DIMP | [resourceType Bundle id f6a184a6-4281-42f7-96d6-c4cca044b740 url http://localhost:8083/fhir/$de-identify]
2026/09/25 14:36:01 [DEBUG] Service call | [service localhost:8083 endpoint /fhir/$de-identify method POST]
2026/09/25 14:36:01 [DEBUG] Service response | [service localhost:8083 status 200 duration 12.915584ms]
2026/09/25 14:36:01 [DEBUG] Resource ID pseudonymized | [resourceType Bundle original_id f6a184a6-4281-42f7-96d6-c4cca044b740 new_id f246e9f8a9ee70c72f5df065db5dba95]
2026/09/25 14:36:01 [DEBUG] Processing FHIR resource | [file 05dba94e-672d-4de6-91bc-e82cd725427a.ndjson resource_number 9 resourceType Bundle id 4963f35e-232f-4014-9575-78e116265571]
2026/09/25 14:36:01 [DEBUG] Bundle size below threshold, processing directly | [bundle_id 4963f35e-232f-4014-9575-78e116265571 size_bytes 1408 threshold_bytes 10485760]
2026/09/25 14:36:01 [DEBUG] Sending resource to DIMP | [resourceType Bundle id 4963f35e-232f-4014-9575-78e116265571 url http://localhost:8083/fhir/$de-identify]
2026/09/25 14:36:01 [DEBUG] Service call | [service localhost:8083 endpoint /fhir/$de-identify method POST]
2026/09/25 14:36:01 [DEBUG] Service response | [service localhost:8083 status 200 duration 14.76725ms]
2026/09/25 14:36:01 [DEBUG] Resource ID pseudonymized | [resourceType Bundle original_id 4963f35e-232f-4014-9575-78e116265571 new_id 1bd62ad746961137fe435f3846726f03]
2026/09/25 14:36:01 [DEBUG] Processing FHIR resource | [file 05dba94e-672d-4de6-91bc-e82cd725427a.ndjson resource_number 10 resourceType Bundle id a5a97862-f4f2-45ff-90ed-3c93fc64694f]
2026/09/25 14:36:01 [DEBUG] Bundle size below threshold, processing directly | [bundle_id a5a97862-f4f2-45ff-90ed-3c93fc64694f size_bytes 19200 threshold_bytes 10485760]
2026/09/25 14:36:01 [DEBUG] Sending resource to DIMP | [resourceType Bundle id a5a97862-f4f2-45ff-90ed-3c93fc64694f url http://localhost:8083/fhir/$de-identify]
2026/09/25 14:36:01 [DEBUG] Service call | [service localhost:8083 endpoint /fhir/$de-identify method POST]
2026/09/25 14:36:01 [DEBUG] Service response | [service localhost:8083 status 200 duration 30.25925ms]
2026/09/25 14:36:01 [DEBUG] Resource ID pseudonymized | [resourceType Bundle original_id a5a97862-f4f2-45ff-90ed-3c93fc64694f new_id 1e58d53410b9b0f769dd4a1df14d13a5]
2026/09/25 14:36:01 [DEBUG] Processing FHIR resource | [file 05dba94e-672d-4de6-91bc-e82cd725427a.ndjson resource_number 11 resourceType Bundle id 42370548-34bb-40e0-bb2e-95880c9d7ffb]
2026/09/25 14:36:01 [DEBUG] Bundle size below threshold, processing directly | [bundle_id 42370548-34bb-40e0-bb2e-95880c9d7ffb size_bytes 1406 threshold_bytes 10485760]
2026/09/25 14:36:01 [DEBUG] Sending resource to DIMP | [resourceType Bundle id 42370548-34bb-40e0-bb2e-95880c9d7ffb url http://localhost:8083/fhir/$de-identify]
2026/09/25 14:36:01 [DEBUG] Service call | [service localhost:8083 endpoint /fhir/$de-identify method POST]
2026/09/25 14:36:01 [DEBUG] Service response | [service localhost:8083 status 200 duration 13.747875ms]
2026/09/25 14:36:01 [DEBUG] Resource ID pseudonymized | [resourceType Bundle original_id 42370548-34bb-40e0-bb2e-95880c9d7ffb new_id ca7c9c9ce5a6c34d800daee397678aa8]
2026/09/25 14:36:01 [DEBUG] Processing FHIR resource | [file 05dba94e-672d-4de6-91bc-e82cd725427a.ndjson resource_number 12 resourceType Bundle id 1f770540-1c27-478b-afb3-f751fca92aeb]
2026/09/25 14:36:01 [DEBUG] Bundle size below threshold, processing directly | [bundle_id 1f770540-1c27-478b-afb3-f751fca92aeb size_bytes 1409 threshold_bytes 10485760]
2026/09/25 14:36:01 [DEBUG] Sending resource to DIMP | [resourceType Bundle id 1f770540-1c27-478b-afb3-f751fca92aeb url http://localhost:8083/fhir/$de-identify]
2026/09/25 14:36:01 [DEBUG] Service call | [service localhost:8083 endpoint /fhir/$de-identify method POST]
2026/09/25 14:36:01 [DEBUG] Service response | [service localhost:8083 status 200 duration 15.883792ms]
2026/09/25 14:36:01 [DEBUG] Resource ID pseudonymized | [resourceType Bundle original_id 1f770540-1c27-478b-afb3-f751fca92aeb new_id 17000d9c57a4f792d6fb529c794e62fa]
2026/09/25 14:36:01 [DEBUG] Processing FHIR resource | [file 05dba94e-672d-4de6-91bc-e82cd725427a.ndjson resource_number 13 resourceType Bundle id 4f35179b-b766-4b3a-96f1-3e1c755839fe]
2026/09/25 14:36:01 [DEBUG] Bundle size below threshold, processing directly | [bundle_id 4f35179b-b766-4b3a-96f1-3e1c755839fe size_bytes 1408 threshold_bytes 10485760]
2026/09/25 14:36:01 [DEBUG] Sending resource to DIMP | [resourceType Bundle id 4f35179b-b766-4b3a-96f1-3e1c755839fe url http://localhost:8083/fhir/$de-identify]
2026/09/25 14:36:01 [DEBUG] Service call | [service localhost:8083 endpoint /fhir/$de-identify method POST]
2026/09/25 14:36:01 [DEBUG] Service response | [service localhost:8083 status 200 duration 12.824833ms]
2026/09/25 14:36:01 [DEBUG] Resource ID pseudonymized | [resourceType Bundle original_id 4f35179b-b766-4b3a-96f1-3e1c755839fe new_id a3f45f6a1b6d3e27dcda339dfc8a38f2]
2026/09/25 14:36:01 [DEBUG] Processing FHIR resource | [file 05dba94e-672d-4de6-91bc-e82cd725427a.ndjson resource_number 14 resourceType Bundle id 3c3a3e81-aa4d-4047-a3ed-3207a268b45e]
2026/09/25 14:36:01 [DEBUG] Bundle size below threshold, processing directly | [bundle_id 3c3a3e81-aa4d-4047-a3ed-3207a268b45e size_bytes 19232 threshold_bytes 10485760]
2026/09/25 14:36:01 [DEBUG] Sending resource to DIMP | [resourceType Bundle id 3c3a3e81-aa4d-4047-a3ed-3207a268b45e url http://localhost:8083/fhir/$de-identify]
2026/09/25 14:36:01 [DEBUG] Service call | [service localhost:8083 endpoint /fhir/$de-identify method POST]
2026/09/25 14:36:01 [DEBUG] Service response | [service localhost:8083 status 200 duration 27.879292ms]
2026/09/25 14:36:01 [DEBUG] Resource ID pseudonymized | [resourceType Bundle original_id 3c3a3e81-aa4d-4047-a3ed-3207a268b45e new_id 6f3c0318145b7c4f47bae43d43f797cb]
2026/09/25 14:36:01 [DEBUG] Processing FHIR resource | [file 05dba94e-672d-4de6-91bc-e82cd725427a.ndjson resource_number 15 resourceType Bundle id e43c44cd-11ea-4676-844b-025855535796]
2026/09/25 14:36:01 [DEBUG] Bundle size below threshold, processing directly | [bundle_id e43c44cd-11ea-4676-844b-025855535796 size_bytes 1406 threshold_bytes 10485760]
2026/09/25 14:36:01 [DEBUG] Sending resource to DIMP | [resourceType Bundle id e43c44cd-11ea-4676-844b-025855535796 url http://localhost:8083/fhir/$de-identify]
2026/09/25 14:36:01 [DEBUG] Service call | [service localhost:8083 endpoint /fhir/$de-identify method POST]
2026/09/25 14:36:01 [DEBUG] Service response | [service localhost:8083 status 200 duration 15.686875ms]
2026/09/25 14:36:01 [DEBUG] Resource ID pseudonymized | [resourceType Bundle original_id e43c44cd-11ea-4676-844b-025855535796 new_id c3546ced109b8c6c07fa4a5914d31fd9]
2026/09/25 14:36:01 [DEBUG] Processing FHIR resource | [file 05dba94e-672d-4de6-91bc-e82cd725427a.ndjson resource_number 16 resourceType Bundle id 9890617d-0e5d-4815-aada-626189110751]
2026/09/25 14:36:01 [DEBUG] Bundle size below threshold, processing directly | [bundle_id 9890617d-0e5d-4815-aada-626189110751 size_bytes 21696 threshold_bytes 10485760]
2026/09/25 14:36:01 [DEBUG] Sending resource to DIMP | [resourceType Bundle id 9890617d-0e5d-4815-aada-626189110751 url http://localhost:8083/fhir/$de-identify]
2026/09/25 14:36:01 [DEBUG] Service call | [service localhost:8083 endpoint /fhir/$de-identify method POST]
2026/09/25 14:36:01 [DEBUG] Service response | [service localhost:8083 status 200 duration 37.771667ms]
2026/09/25 14:36:01 [DEBUG] Resource ID pseudonymized | [resourceType Bundle original_id 9890617d-0e5d-4815-aada-626189110751 new_id b44b7ef96efa9f7286dea7f2a1813f1d]
2026/09/25 14:36:01 [DEBUG] Processing FHIR resource | [file 05dba94e-672d-4de6-91bc-e82cd725427a.ndjson resource_number 17 resourceType Bundle id 7c44988b-caf5-4150-8452-d484568c1087]
2026/09/25 14:36:01 [DEBUG] Bundle size below threshold, processing directly | [bundle_id 7c44988b-caf5-4150-8452-d484568c1087 size_bytes 19174 threshold_bytes 10485760]
2026/09/25 14:36:01 [DEBUG] Sending resource to DIMP | [resourceType Bundle id 7c44988b-caf5-4150-8452-d484568c1087 url http://localhost:8083/fhir/$de-identify]
2026/09/25 14:36:01 [DEBUG] Service call | [service localhost:8083 endpoint /fhir/$de-identify method POST]
2026/09/25 14:36:01 [DEBUG] Service response | [service localhost:8083 status 200 duration 42.255833ms]
2026/09/25 14:36:01 [DEBUG] Resource ID pseudonymized | [resourceType Bundle original_id 7c44988b-caf5-4150-8452-d484568c1087 new_id da892d8906425b58f583f6f6b7b8d921]
2026/09/25 14:36:01 [DEBUG] Processing FHIR resource | [file 05dba94e-672d-4de6-91bc-e82cd725427a.ndjson resource_number 18 resourceType Bundle id d46325a7-a340-427a-a1ac-25c1efd8bb37]
2026/09/25 14:36:01 [DEBUG] Bundle size below threshold, processing directly | [bundle_id d46325a7-a340-427a-a1ac-25c1efd8bb37 size_bytes 19978 threshold_bytes 10485760]
2026/09/25 14:36:01 [DEBUG] Sending resource to DIMP | [resourceType Bundle id d46325a7-a340-427a-a1ac-25c1efd8bb37 url http://localhost:8083/fhir/$de-identify]
2026/09/25 14:36:01 [DEBUG] Service call | [service localhost:8083 endpoint /fhir/$de-identify method POST]
2026/09/25 14:36:01 [DEBUG] Service response | [service localhost:8083 status 200 duration 49.037ms]
2026/09/25 14:36:01 [DEBUG] Resource ID pseudonymized | [resourceType Bundle original_id d46325a7-a340-427a-a1ac-25c1efd8bb37 new_id 33cd8246734adbd55df04b003d40b0ff]
2026/09/25 14:36:01 [DEBUG] Processing FHIR resource | [file 05dba94e-672d-4de6-91bc-e82cd725427a.ndjson resource_number 19 resourceType Bundle id de55cf05-337a-487a-9aca-1dcd936caee5]
2026/09/25 14:36:01 [DEBUG] Bundle size below threshold, processing directly | [bundle_id de55cf05-337a-487a-9aca-1dcd936caee5 size_bytes 23803 threshold_bytes 10485760]
2026/09/25 14:36:01 [DEBUG] Sending resource to DIMP | [resourceType Bundle id de55cf05-337a-487a-9aca-1dcd936caee5 url http://localhost:8083/fhir/$de-identify]
2026/09/25 14:36:02 [DEBUG] Service call | [service localhost:8083 endpoint /fhir/$de-identify method POST]
2026/09/25 14:36:02 [DEBUG] Service response | [service localhost:8083 status 200 duration 45.414125ms]
2026/09/25 14:36:02 [DEBUG] Resource ID pseudonymized | [resourceType Bundle original_id de55cf05-337a-487a-9aca-1dcd936caee5 new_id 28eb20f0b4d9bdc14b3e6d0f8bcd4f67]
2026/09/25 14:36:02 [DEBUG] Processing FHIR resource | [file 05dba94e-672d-4de6-91bc-e82cd725427a.ndjson resource_number 20 resourceType Bundle id 6815f10a-1d33-4d68-b6cf-b0271bff1860]
2026/09/25 14:36:02 [DEBUG] Bundle size below threshold, processing directly | [bundle_id 6815f10a-1d33-4d68-b6cf-b0271bff1860 size_bytes 15910 threshold_bytes 10485760]
2026/09/25 14:36:02 [DEBUG] Sending resource to DIMP | [resourceType Bundle id 6815f10a-1d33-4d68-b6cf-b0271bff1860 url http://localhost:8083/fhir/$de-identify]
2026/09/25 14:36:02 [DEBUG] Service call | [service localhost:8083 endpoint /fhir/$de-identify method POST]
2026/09/25 14:36:02 [DEBUG] Service response | [service localhost:8083 status 200 duration 35.644708ms]
2026/09/25 14:36:02 [DEBUG] Resource ID pseudonymized | [resourceType Bundle original_id 6815f10a-1d33-4d68-b6cf-b0271bff1860 new_id 0eb35bfe4cff72e9dab8c0dabbc861d2]
2026/09/25 14:36:02 [DEBUG] Processing FHIR resource | [file 05dba94e-672d-4de6-91bc-e82cd725427a.ndjson resource_number 21 resourceType Bundle id 612aa5f9-3fe0-48f4-9d0b-091e5b3cd731]
2026/09/25 14:36:02 [DEBUG] Bundle size below threshold, processing directly | [bundle_id 612aa5f9-3fe0-48f4-9d0b-091e5b3cd731 size_bytes 31320 threshold_bytes 10485760]
2026/09/25 14:36:02 [DEBUG] Sending resource to DIMP | [resourceType Bundle id 612aa5f9-3fe0-48f4-9d0b-091e5b3cd731 url http://localhost:8083/fhir/$de-identify]
2026/09/25 14:36:02 [DEBUG] Service call | [service localhost:8083 endpoint /fhir/$de-identify method POST]
2026/09/25 14:36:02 [DEBUG] Service response | [service localhost:8083 status 200 duration 41.585125ms]
2026/09/25 14:36:02 [DEBUG] Resource ID pseudonymized | [resourceType Bundle original_id 612aa5f9-3fe0-48f4-9d0b-091e5b3cd731 new_id b24b6c022b70ac79923e559c6febedce]
2026/09/25 14:36:02 [DEBUG] Processing FHIR resource | [file 05dba94e-672d-4de6-91bc-e82cd725427a.ndjson resource_number 22 resourceType Bundle id cba5abd7-7227-4111-98cf-6349abbaa869]
2026/09/25 14:36:02 [DEBUG] Bundle size below threshold, processing directly | [bundle_id cba5abd7-7227-4111-98cf-6349abbaa869 size_bytes 1394 threshold_bytes 10485760]
2026/09/25 14:36:02 [DEBUG] Sending resource to DIMP | [resourceType Bundle id cba5abd7-7227-4111-98cf-6349abbaa869 url http://localhost:8083/fhir/$de-identify]
2026/09/25 14:36:02 [DEBUG] Service call | [service localhost:8083 endpoint /fhir/$de-identify method POST]
2026/09/25 14:36:02 [DEBUG] Service response | [service localhost:8083 status 200 duration 15.489334ms]
2026/09/25 14:36:02 [DEBUG] Resource ID pseudonymized | [resourceType Bundle original_id cba5abd7-7227-4111-98cf-6349abbaa869 new_id a77d6c18ded381231a94899e4b140143]
2026/09/25 14:36:02 [DEBUG] Processing FHIR resource | [file 05dba94e-672d-4de6-91bc-e82cd725427a.ndjson resource_number 23 resourceType Bundle id 4a72f434-1344-4640-818f-d9ca28d59e7f]
2026/09/25 14:36:02 [DEBUG] Bundle size below threshold, processing directly | [bundle_id 4a72f434-1344-4640-818f-d9ca28d59e7f size_bytes 1403 threshold_bytes 10485760]
2026/09/25 14:36:02 [DEBUG] Sending resource to DIMP | [resourceType Bundle id 4a72f434-1344-4640-818f-d9ca28d59e7f url http://localhost:8083/fhir/$de-identify]
2026/09/25 14:36:02 [DEBUG] Service call | [service localhost:8083 endpoint /fhir/$de-identify method POST]
2026/09/25 14:36:02 [DEBUG] Service response | [service localhost:8083 status 200 duration 15.88175ms]
2026/09/25 14:36:02 [DEBUG] Resource ID pseudonymized | [resourceType Bundle original_id 4a72f434-1344-4640-818f-d9ca28d59e7f new_id e10e297b77c635996547e1975c418004]
2026/09/25 14:36:02 [DEBUG] Processing FHIR resource | [file 05dba94e-672d-4de6-91bc-e82cd725427a.ndjson resource_number 24 resourceType Bundle id 1d047cb9-694f-4cf2-86ef-acf90a50f588]
2026/09/25 14:36:02 [DEBUG] Bundle size below threshold, processing directly | [bundle_id 1d047cb9-694f-4cf2-86ef-acf90a50f588 size_bytes 1416 threshold_bytes 10485760]
2026/09/25 14:36:02 [DEBUG] Sending resource to DIMP | [resourceType Bundle id 1d047cb9-694f-4cf2-86ef-acf90a50f588 url http://localhost:8083/fhir/$de-identify]
2026/09/25 14:36:02 [DEBUG] Service call | [service localhost:8083 endpoint /fhir/$de-identify method POST]
2026/09/25 14:36:02 [DEBUG] Service response | [service localhost:8083 status 200 duration 13.775666ms]
2026/09/25 14:36:02 [DEBUG] Resource ID pseudonymized | [resourceType Bundle original_id 1d047cb9-694f-4cf2-86ef-acf90a50f588 new_id e48c1b15f2798f0b00fa0a60d3bb97aa]
2026/09/25 14:36:02 [DEBUG] Processing FHIR resource | [file 05dba94e-672d-4de6-91bc-e82cd725427a.ndjson resource_number 25 resourceType Bundle id 546381aa-6a8a-43da-add0-f78470e482d4]
2026/09/25 14:36:02 [DEBUG] Bundle size below threshold, processing directly | [bundle_id 546381aa-6a8a-43da-add0-f78470e482d4 size_bytes 1405 threshold_bytes 10485760]
2026/09/25 14:36:02 [DEBUG] Sending resource to DIMP | [resourceType Bundle id 546381aa-6a8a-43da-add0-f78470e482d4 url http://localhost:8083/fhir/$de-identify]
2026/09/25 14:36:02 [DEBUG] Service call | [service localhost:8083 endpoint /fhir/$de-identify method POST]
2026/09/25 14:36:02 [DEBUG] Service response | [service localhost:8083 status 200 duration 17.00325ms]
2026/09/25 14:36:02 [DEBUG] Resource ID pseudonymized | [resourceType Bundle original_id 546381aa-6a8a-43da-add0-f78470e482d4 new_id 30bc8051951671302f2ed90d185b775d]
2026/09/25 14:36:02 [DEBUG] Processing FHIR resource | [file 05dba94e-672d-4de6-91bc-e82cd725427a.ndjson resource_number 26 resourceType Bundle id 99581c43-d391-41ce-afdf-3b92a45bfb5d]
2026/09/25 14:36:02 [DEBUG] Bundle size below threshold, processing directly | [bundle_id 99581c43-d391-41ce-afdf-3b92a45bfb5d size_bytes 1408 threshold_bytes 10485760]
2026/09/25 14:36:02 [DEBUG] Sending resource to DIMP | [resourceType Bundle id 99581c43-d391-41ce-afdf-3b92a45bfb5d url http://localhost:8083/fhir/$de-identify]
2026/09/25 14:36:02 [DEBUG] Service call | [service localhost:8083 endpoint /fhir/$de-identify method POST]
2026/09/25 14:36:02 [DEBUG] Service response | [service localhost:8083 status 200 duration 16.570708ms]
2026/09/25 14:36:02 [DEBUG] Resource ID pseudonymized | [resourceType Bundle original_id 99581c43-d391-41ce-afdf-3b92a45bfb5d new_id 45dc43728c1e3f8cb983b8c7f5e1a1c1]
2026/09/25 14:36:02 [DEBUG] Processing FHIR resource | [file 05dba94e-672d-4de6-91bc-e82cd725427a.ndjson resource_number 27 resourceType Bundle id 74cde55c-bd8b-4fe7-bf70-b881b6438ddf]
2026/09/25 14:36:02 [DEBUG] Bundle size below threshold, processing directly | [bundle_id 74cde55c-bd8b-4fe7-bf70-b881b6438ddf size_bytes 1406 threshold_bytes 10485760]
2026/09/25 14:36:02 [DEBUG] Sending resource to DIMP | [resourceType Bundle id 74cde55c-bd8b-4fe7-bf70-b881b6438ddf url http://localhost:8083/fhir/$de-identify]
2026/09/25 14:36:02 [DEBUG] Service call | [service localhost:8083 endpoint /fhir/$de-identify method POST]
2026/09/25 14:36:02 [DEBUG] Service response | [service localhost:8083 status 200 duration 14.403875ms]
2026/09/25 14:36:02 [DEBUG] Resource ID pseudonymized | [resourceType Bundle original_id 74cde55c-bd8b-4fe7-bf70-b881b6438ddf new_id 27e5fcdb7a64a102d38ffbdce5cd7d6e]
2026/09/25 14:36:02 [DEBUG] Processing FHIR resource | [file 05dba94e-672d-4de6-91bc-e82cd725427a.ndjson resource_number 28 resourceType Bundle id 15d42477-cf4b-4729-b7ab-3f7f1241fa1b]
2026/09/25 14:36:02 [DEBUG] Bundle size below threshold, processing directly | [bundle_id 15d42477-cf4b-4729-b7ab-3f7f1241fa1b size_bytes 1396 threshold_bytes 10485760]
2026/09/25 14:36:02 [DEBUG] Sending resource to DIMP | [resourceType Bundle id 15d42477-cf4b-4729-b7ab-3f7f1241fa1b url http://localhost:8083/fhir/$de-identify]
2026/09/25 14:36:02 [DEBUG] Service call | [service localhost:8083 endpoint /fhir/$de-identify method POST]
2026/09/25 14:36:02 [DEBUG] Service response | [service localhost:8083 status 200 duration 12.2335ms]
2026/09/25 14:36:02 [DEBUG] Resource ID pseudonymized | [resourceType Bundle original_id 15d42477-cf4b-4729-b7ab-3f7f1241fa1b new_id 8cc6a065e7641705f0d2b0adee75bf18]
2026/09/25 14:36:02 [DEBUG] Processing FHIR resource | [file 05dba94e-672d-4de6-91bc-e82cd725427a.ndjson resource_number 29 resourceType Bundle id 843c708c-1ddb-4aa6-9342-9e0555055a43]
2026/09/25 14:36:02 [DEBUG] Bundle size below threshold, processing directly | [bundle_id 843c708c-1ddb-4aa6-9342-9e0555055a43 size_bytes 1400 threshold_bytes 10485760]
2026/09/25 14:36:02 [DEBUG] Sending resource to DIMP | [resourceType Bundle id 843c708c-1ddb-4aa6-9342-9e0555055a43 url http://localhost:8083/fhir/$de-identify]
2026/09/25 14:36:02 [DEBUG] Service call | [service localhost:8083 endpoint /fhir/$de-identify method POST]
2026/09/25 14:36:02 [DEBUG] Service response | [service localhost:8083 status 200 duration 16.188167ms]
2026/09/25 14:36:02 [DEBUG] Resource ID pseudonymized | [resourceType Bundle original_id 843c708c-1ddb-4aa6-9342-9e0555055a43 new_id d3f854a209551c3239c3de95111f2ccb]
2026/09/25 14:36:02 [DEBUG] Processing FHIR resource | [file 05dba94e-672d-4de6-91bc-e82cd725427a.ndjson resource_number 30 resourceType Bundle id 702cba56-0c14-434e-94c8-aaabbb9c8553]
2026/09/25 14:36:02 [DEBUG] Bundle size below threshold, processing directly | [bundle_id 702cba56-0c14-434e-94c8-aaabbb9c8553 size_bytes 1411 threshold_bytes 10485760]
2026/09/25 14:36:02 [DEBUG] Sending resource to DIMP | [resourceType Bundle id 702cba56-0c14-434e-94c8-aaabbb9c8553 url http://localhost:8083/fhir/$de-identify]
2026/09/25 14:36:02 [DEBUG] Service call | [service localhost:8083 endpoint /fhir/$de-identify method POST]
2026/09/25 14:36:02 [DEBUG] Service response | [service localhost:8083 status 200 duration 18.013958ms]
2026/09/25 14:36:02 [DEBUG] Resource ID pseudonymized | [resourceType Bundle original_id 702cba56-0c14-434e-94c8-aaabbb9c8553 new_id 27cd90e6ba7cea3b68dcf94a9284cc78]
2026/09/25 14:36:02 [DEBUG] Processing FHIR resource | [file core.ndjson resource_number 1 resourceType Bundle id a2b537fb-f611-41cc-ae50-e95d1b8d4860]
2026/09/25 14:36:02 [DEBUG] Bundle size below threshold, processing directly | [bundle_id a2b537fb-f611-41cc-ae50-e95d1b8d4860 size_bytes 26373 threshold_bytes 10485760]
2026/09/25 14:36:02 [DEBUG] Sending resource to DIMP | [resourceType Bundle id a2b537fb-f611-41cc-ae50-e95d1b8d4860 url http://localhost:8083/fhir/$de-identify]
2026/09/25 14:36:02 [DEBUG] Service call | [service localhost:8083 endpoint /fhir/$de-identify method POST]
2026/09/25 14:36:02 [DEBUG] Service response | [service localhost:8083 status 200 duration 27.09775ms]
2026/09/25 14:36:02 [DEBUG] Resource ID pseudonymized | [resourceType Bundle original_id a2b537fb-f611-41cc-ae50-e95d1b8d4860 new_id 7b0dc942ea75cfdbcc9dac802f6fc57a]
2026/09/25 14:36:02 [DEBUG] DIMP step completed | [files_processed 2 resources_processed 31 job_id 20260925_1235_88129f43-b72a-4565-af8a-7cc48a3363be]
2026/09/25 14:36:02 [INFO] Step completed | [step dimp job_id 20260925_1235_88129f43-b72a-4565-af8a-7cc48a3363be files 2 duration 933.805709ms]
2026/09/25 14:36:02 [INFO] Step started | [step flattening job_id 20260925_1235_88129f43-b72a-4565-af8a-7cc48a3363be]
2026/09/25 14:36:02 [DEBUG] Loading CRTDL file | [path jobs/20260925_1235_88129f43-b72a-4565-af8a-7cc48a3363be/enriched-crtdl.json]
2026/09/25 14:36:02 [DEBUG] Loading lookup tables | [path ./flatteningLookup.json]
2026/09/25 14:36:02 [INFO] Streaming FHIR resources from input files | [input_dir jobs/20260925_1235_88129f43-b72a-4565-af8a-7cc48a3363be/dimp file_count 2 job_id 20260925_1235_88129f43-b72a-4565-af8a-7cc48a3363be]
2026/09/25 14:36:02 [INFO] Built provenance index | [provenance_entries 171 provenance_source jobs/20260925_1235_88129f43-b72a-4565-af8a-7cc48a3363be/dimp job_id 20260925_1235_88129f43-b72a-4565-af8a-7cc48a3363be]
2026/09/25 14:36:02 [DEBUG] Flushing batch | [group_name Patients resource_count 30 byte_size 20914]
2026/09/25 14:36:02 [DEBUG] Sending resources to flattener | [viewDefinition Patients resourceCount 30 resourceType Patient url http://localhost:8088/fhir/ViewDefinition/$run?_format=ndjson]
2026/09/25 14:36:03 [DEBUG] Service call | [service localhost:8088 endpoint /fhir/ViewDefinition/$run method POST]
2026/09/25 14:36:03 [DEBUG] Service response | [service localhost:8088 status 200 duration 846.792333ms]
2026/09/25 14:36:03 [DEBUG] Flattener returned rows | [viewDefinition Patients rows 30]
2026/09/25 14:36:03 [DEBUG] Flushing batch | [group_name diagnosis-code-and-rec-date-only resource_count 10 byte_size 11275]
2026/09/25 14:36:03 [DEBUG] Sending resources to flattener | [viewDefinition diagnosis-code-and-rec-date-only resourceCount 10 resourceType Condition url http://localhost:8088/fhir/ViewDefinition/$run?_format=ndjson]
2026/09/25 14:36:04 [DEBUG] Service call | [service localhost:8088 endpoint /fhir/ViewDefinition/$run method POST]
2026/09/25 14:36:04 [DEBUG] Service response | [service localhost:8088 status 200 duration 219.297667ms]
2026/09/25 14:36:04 [DEBUG] Flattener returned rows | [viewDefinition diagnosis-code-and-rec-date-only rows 10]
2026/09/25 14:36:04 [DEBUG] Flushing batch | [group_name Diagnosis-all-fields resource_count 10 byte_size 11275]
2026/09/25 14:36:04 [DEBUG] Sending resources to flattener | [viewDefinition Diagnosis-all-fields resourceCount 10 resourceType Condition url http://localhost:8088/fhir/ViewDefinition/$run?_format=ndjson]
2026/09/25 14:36:05 [DEBUG] Service call | [service localhost:8088 endpoint /fhir/ViewDefinition/$run method POST]
2026/09/25 14:36:05 [DEBUG] Service response | [service localhost:8088 status 200 duration 1.522026s]
2026/09/25 14:36:05 [DEBUG] Flattener returned rows | [viewDefinition Diagnosis-all-fields rows 10]
2026/09/25 14:36:05 [DEBUG] Flushing batch | [group_name MII PR Prozedur Procedure resource_count 20 byte_size 17443]
2026/09/25 14:36:05 [DEBUG] Sending resources to flattener | [viewDefinition MII PR Prozedur Procedure resourceCount 20 resourceType Procedure url http://localhost:8088/fhir/ViewDefinition/$run?_format=ndjson]
2026/09/25 14:36:06 [DEBUG] Service call | [service localhost:8088 endpoint /fhir/ViewDefinition/$run method POST]
2026/09/25 14:36:06 [DEBUG] Service response | [service localhost:8088 status 200 duration 1.060613792s]
2026/09/25 14:36:06 [DEBUG] Flattener returned rows | [viewDefinition MII PR Prozedur Procedure rows 20]
2026/09/25 14:36:06 [DEBUG] Flushing batch | [group_name Laboratory test resource_count 31 byte_size 41579]
2026/09/25 14:36:06 [DEBUG] Sending resources to flattener | [viewDefinition Laboratory test resourceCount 31 resourceType Observation url http://localhost:8088/fhir/ViewDefinition/$run?_format=ndjson]
2026/09/25 14:36:07 [DEBUG] Service call | [service localhost:8088 endpoint /fhir/ViewDefinition/$run method POST]
2026/09/25 14:36:07 [DEBUG] Service response | [service localhost:8088 status 200 duration 1.272642834s]
2026/09/25 14:36:07 [DEBUG] Flattener returned rows | [viewDefinition Laboratory test rows 31]
2026/09/25 14:36:07 [DEBUG] Flushing batch | [group_name MII PR Fall Kontakt mit einer Gesundheitseinrichtung resource_count 10 byte_size 12459]
2026/09/25 14:36:07 [DEBUG] Sending resources to flattener | [viewDefinition MII PR Fall Kontakt mit einer Gesundheitseinrichtung resourceCount 10 resourceType Encounter url http://localhost:8088/fhir/ViewDefinition/$run?_format=ndjson]
2026/09/25 14:36:08 [DEBUG] Service call | [service localhost:8088 endpoint /fhir/ViewDefinition/$run method POST]
2026/09/25 14:36:08 [DEBUG] Service response | [service localhost:8088 status 200 duration 644.426791ms]
2026/09/25 14:36:08 [DEBUG] Flattener returned rows | [viewDefinition MII PR Fall Kontakt mit einer Gesundheitseinrichtung rows 20]
2026/09/25 14:36:08 [DEBUG] Flushing batch | [group_name Medication administration resource_count 20 byte_size 14043]
2026/09/25 14:36:08 [DEBUG] Sending resources to flattener | [viewDefinition Medication administration resourceCount 20 resourceType MedicationAdministration url http://localhost:8088/fhir/ViewDefinition/$run?_format=ndjson]
2026/09/25 14:36:08 [DEBUG] Service call | [service localhost:8088 endpoint /fhir/ViewDefinition/$run method POST]
2026/09/25 14:36:08 [DEBUG] Service response | [service localhost:8088 status 200 duration 283.176875ms]
2026/09/25 14:36:08 [DEBUG] Flattener returned rows | [viewDefinition Medication administration rows 20]
2026/09/25 14:36:08 [DEBUG] Flushing batch | [group_name MII PR Medikation Medication resource_count 26 byte_size 21781]
2026/09/25 14:36:08 [DEBUG] Sending resources to flattener | [viewDefinition MII PR Medikation Medication resourceCount 26 resourceType Medication url http://localhost:8088/fhir/ViewDefinition/$run?_format=ndjson]
2026/09/25 14:36:09 [DEBUG] Service call | [service localhost:8088 endpoint /fhir/ViewDefinition/$run method POST]
2026/09/25 14:36:09 [DEBUG] Service response | [service localhost:8088 status 200 duration 912.713459ms]
2026/09/25 14:36:09 [DEBUG] Flattener returned rows | [viewDefinition MII PR Medikation Medication rows 29]
2026/09/25 14:36:09 [DEBUG] Flushing batch | [group_name Medication Ingredient resource_count 1 byte_size 1879]
2026/09/25 14:36:09 [DEBUG] Sending resources to flattener | [viewDefinition Medication Ingredient resourceCount 1 resourceType Medication url http://localhost:8088/fhir/ViewDefinition/$run?_format=ndjson]
2026/09/25 14:36:10 [DEBUG] Service call | [service localhost:8088 endpoint /fhir/ViewDefinition/$run method POST]
2026/09/25 14:36:10 [DEBUG] Service response | [service localhost:8088 status 200 duration 706.815208ms]
2026/09/25 14:36:10 [DEBUG] Flattener returned rows | [viewDefinition Medication Ingredient rows 2]
2026/09/25 14:36:10 [DEBUG] Flushing batch | [group_name Medication statement resource_count 23 byte_size 16500]
2026/09/25 14:36:10 [DEBUG] Sending resources to flattener | [viewDefinition Medication statement resourceCount 23 resourceType MedicationStatement url http://localhost:8088/fhir/ViewDefinition/$run?_format=ndjson]
2026/09/25 14:36:10 [DEBUG] Service call | [service localhost:8088 endpoint /fhir/ViewDefinition/$run method POST]
2026/09/25 14:36:10 [DEBUG] Service response | [service localhost:8088 status 200 duration 363.197333ms]
2026/09/25 14:36:10 [DEBUG] Flattener returned rows | [viewDefinition Medication statement rows 23]
2026/09/25 14:36:10 [DEBUG] Flattening step completed | [files_written 10 job_id 20260925_1235_88129f43-b72a-4565-af8a-7cc48a3363be]
2026/09/25 14:36:10 [INFO] Step completed | [step flattening job_id 20260925_1235_88129f43-b72a-4565-af8a-7cc48a3363be files 10 duration 8.509353666s]
2026/09/25 14:36:10 [DEBUG] Released job lock | [job_id 20260925_1235_88129f43-b72a-4565-af8a-7cc48a3363be pid 47656]
