2026/09/25 13:46:17 [INFO] Creating new pipeline job | [crtdl queries/example-crtdl-analysis.json input  localImportDir /path/to/fhir/data]
2026/09/25 13:46:17 [INFO] No input source provided, using local import from config | [dir /path/to/fhir/data]
2026/09/25 13:46:17 [INFO] Determined initial step from config | [step torch]
2026/09/25 13:46:17 [INFO] CRTDL preprocessing enabled, enriching CRTDL | [source queries/example-crtdl-analysis.json]
2026/09/25 13:46:17 [INFO] Applying CRTDL enrichments | [enrichment_count 2 original_groups 9]
2026/09/25 13:46:17 [INFO] CRTDL enriched successfully | [enriched_groups 9]
2026/09/25 13:46:17 [INFO] CRTDL saved to job directory | [path jobs/20260925_1146_e184ccf8-df64-48c0-b2e4-ddb9ed15f2da/enriched-crtdl.json]
2026/09/25 13:46:17 [INFO] Job created | [job_id 20260925_1146_e184ccf8-df64-48c0-b2e4-ddb9ed15f2da input_source ]
2026/09/25 13:46:17 [DEBUG] Acquired job lock | [job_id 20260925_1146_e184ccf8-df64-48c0-b2e4-ddb9ed15f2da pid 43796]
2026/09/25 13:46:17 [INFO] Step started | [step torch job_id 20260925_1146_e184ccf8-df64-48c0-b2e4-ddb9ed15f2da]
2026/09/25 13:46:17 [INFO] Extracting data from TORCH using CRTDL | [crtdl jobs/20260925_1146_e184ccf8-df64-48c0-b2e4-ddb9ed15f2da/enriched-crtdl.json compress false]
2026/09/25 13:46:17 [INFO] Submitting CRTDL extraction to TORCH | [file jobs/20260925_1146_e184ccf8-df64-48c0-b2e4-ddb9ed15f2da/enriched-crtdl.json server http://localhost:8086]
2026/09/25 13:46:17 [DEBUG] Encoded CRTDL to base64 | [original_size 9432 encoded_size 12576]
2026/09/25 13:46:17 [DEBUG] TORCH extraction request | [body_size 12659]
2026/09/25 13:46:17 [DEBUG] Service call | [service localhost:8086 endpoint /fhir/$extract-data method POST]
2026/09/25 13:46:17 [DEBUG] Service response | [service localhost:8086 status 202 duration 24.486625ms]
2026/09/25 13:46:17 [DEBUG] Using absolute URL from TORCH | [url http://localhost:8086/fhir/__status/9b29d1ed-79a5-4602-a05e-0cb886d7fa28]
2026/09/25 13:46:17 [INFO] TORCH extraction submitted successfully | [extraction_url http://localhost:8086/fhir/__status/9b29d1ed-79a5-4602-a05e-0cb886d7fa28]
2026/09/25 13:46:17 [INFO] TORCH extraction submitted; handle persisted for resume | [job_id 9b29d1ed-79a5-4602-a05e-0cb886d7fa28 url http://localhost:8086/fhir/__status/9b29d1ed-79a5-4602-a05e-0cb886d7fa28]
2026/09/25 13:46:17 [INFO] Polling TORCH extraction status | [url http://localhost:8086/fhir/__status/9b29d1ed-79a5-4602-a05e-0cb886d7fa28]
2026/09/25 13:46:17 [DEBUG] Polling TORCH extraction | [attempt 1 interval 5s]
2026/09/25 13:46:17 [DEBUG] Service call | [service localhost:8086 endpoint /fhir/__status/9b29d1ed-79a5-4602-a05e-0cb886d7fa28 method GET]
2026/09/25 13:46:17 [DEBUG] Service response | [service localhost:8086 status 202 duration 5.28575ms]
2026/09/25 13:46:17 [INFO] TORCH extraction progress | [diagnostics Job 9b29d1ed-79a5-4602-a05e-0cb886d7fa28
 status: PENDING
 batch progress: 0.0%
 cohort Size: 0]
2026/09/25 13:46:22 [DEBUG] Polling TORCH extraction | [attempt 2 interval 10s]
2026/09/25 13:46:22 [DEBUG] Service call | [service localhost:8086 endpoint /fhir/__status/9b29d1ed-79a5-4602-a05e-0cb886d7fa28 method GET]
2026/09/25 13:46:22 [DEBUG] Service response | [service localhost:8086 status 200 duration 17.540375ms]
2026/09/25 13:46:22 [INFO] TORCH extraction completed
2026/09/25 13:46:22 [DEBUG] TORCH extraction response body | [body {"transactionTime":"2026-09-25T11:46:17.054121881Z","request":"http://localhost:8086/fhir/$extract-data","requiresAccessToken":false,"output":[{"url":"http://localhost/9b29d1ed-79a5-4602-a05e-0cb886d7fa28/e441feff-bdb9-4a49-b103-38a24211da84.ndjson","type":"NDJSON Bundle"},{"url":"http://localhost/9b29d1ed-79a5-4602-a05e-0cb886d7fa28/core.ndjson","type":"NDJSON Bundle"}],"error":[],"extension":[{"url":"https://torch.mii.de/fhir/StructureDefinition/torch-job","valueObject":{"id":"9b29d1ed-79a5-4602-a05e-0cb886d7fa28","status":"COMPLETED","cohortState":{"status":"FINISHED","startedAt":"2026-09-25T11:46:17.092002297Z","finishedAt":"2026-09-25T11:46:17.272005839Z","retry":0},"cohortSize":30,"batches":{"e441feff-bdb9-4a49-b103-38a24211da84":{"batchId":"e441feff-bdb9-4a49-b103-38a24211da84","state":{"status":"FINISHED","startedAt":"2026-09-25T11:46:17.274523714Z","finishedAt":"2026-09-25T11:46:17.612222464Z","retry":0}}},"startedAt":"2026-09-25T11:46:17.054121881Z","updatedAt":"2026-09-25T11:46:17.688668548Z","finishedAt":"2026-09-25T11:46:17.680494006Z","issues":[],"parameters":{"crtdl":{"cohortDefinition":{"version":"http://to_be_decided.com/draft-1/schema#","display":"Ausgewählte Merkmale","inclusionCriteria":[[{"termCodes":[{"code":"263495000","display":"Geschlecht","system":"http://snomed.info/sct","version":""}],"context":{"code":"Patient","display":"Patient","system":"fdpg.mii.cds","version":"1.0.0"},"valueFilter":{"selectedConcepts":[{"code":"female","display":"Female","system":"http://hl7.org/fhir/administrative-gender"},{"code":"male","display":"Male","system":"http://hl7.org/fhir/administrative-gender"}],"type":"concept"}}]]},"dataExtraction":{"attributeGroups":[{"name":"Patients","id":"90082bc6-2007-4c8e-b083-d88034ea7f07","resourceType":"Patient","groupReference":"https://www.medizininformatik-initiative.de/fhir/core/modul-person/StructureDefinition/PatientPseudonymisiert","attributes":[{"attributeRef":"Patient.id","fhirPath":"Patient.id","mustHave":false,"linkedGroups":[]},{"attributeRef":"Patient.meta.profile","fhirPath":"Patient.meta.profile","mustHave":false,"linkedGroups":[]},{"attributeRef":"Patient.deceased[x]","fhirPath":"Patient.deceased","mustHave":false,"linkedGroups":[]},{"attributeRef":"Patient.identifier","fhirPath":"Patient.identifier","mustHave":false,"linkedGroups":[]},{"attributeRef":"Patient.birthDate","fhirPath":"Patient.birthDate","mustHave":false,"linkedGroups":[]},{"attributeRef":"Patient.gender","fhirPath":"Patient.gender","mustHave":false,"linkedGroups":[]}],"filter":[],"includeReferenceOnly":false},{"name":"diagnosis-code-and-rec-date-only","id":"47697a47-66b7-435d-99a8-3f1b7e219a5c","resourceType":"Condition","groupReference":"https://www.medizininformatik-initiative.de/fhir/core/modul-diagnose/StructureDefinition/Diagnose","attributes":[{"attributeRef":"Condition.id","fhirPath":"Condition.id","mustHave":false,"linkedGroups":[]},{"attributeRef":"Condition.meta.profile","fhirPath":"Condition.meta.profile","mustHave":false,"linkedGroups":[]},{"attributeRef":"Condition.subject","fhirPath":"Condition.subject","mustHave":false,"linkedGroups":["90082bc6-2007-4c8e-b083-d88034ea7f07"]},{"attributeRef":"Condition.recordedDate","fhirPath":"Condition.recordedDate","mustHave":false,"linkedGroups":[]},{"attributeRef":"Condition.code.coding:sct","fhirPath":"Condition.code.coding.where($this.system='http://snomed.info/sct')","mustHave":false,"linkedGroups":[]},{"attributeRef":"Condition.encounter","fhirPath":"Condition.encounter","mustHave":false,"linkedGroups":["64d85b08-4b2b-4edd-a599-3eb301d2ddc0"]}],"filter":[],"includeReferenceOnly":false},{"name":"Diagnosis-all-fields","id":"508c05ea-1def-46a4-830e-252bd8b25dfa","resourceType":"Condition","groupReference":"https://www.medizininformatik-initiative.de/fhir/core/modul-diagnose/StructureDefinition/Diagnose","attributes":[{"attributeRef":"Condition.id","fhirPath":"Condition.id","mustHave":false,"linkedGroups":[]},{"attributeRef":"Condition.meta.profile","fhirPath":"Condition.meta.profile","mustHave":false,"linkedGroups":[]},{"attributeRef":"Condition.subject","fhirPath":"Condition.subject","mustHave":false,"linkedGroups":["90082bc6-2007-4c8e-b083-d88034ea7f07"]},{"attributeRef":"Condition.abatement[x]","fhirPath":"Condition.abatement","mustHave":false,"linkedGroups":[]},{"attributeRef":"Condition.clinicalStatus","fhirPath":"Condition.clinicalStatus","mustHave":false,"linkedGroups":[]},{"attributeRef":"Condition.code","fhirPath":"Condition.code","mustHave":false,"linkedGroups":[]},{"attributeRef":"Condition.onset[x]","fhirPath":"Condition.onset","mustHave":false,"linkedGroups":[]},{"attributeRef":"Condition.recordedDate","fhirPath":"Condition.recordedDate","mustHave":false,"linkedGroups":[]},{"attributeRef":"Condition.verificationStatus","fhirPath":"Condition.verificationStatus","mustHave":false,"linkedGroups":[]},{"attributeRef":"Condition.bodySite","fhirPath":"Condition.bodySite","mustHave":false,"linkedGroups":[]},{"attributeRef":"Condition.category","fhirPath":"Condition.category","mustHave":false,"linkedGroups":[]},{"attributeRef":"Condition.evidence","fhirPath":"Condition.evidence","mustHave":false,"linkedGroups":[]},{"attributeRef":"Condition.extension:Feststellungsdatum","fhirPath":"Condition.extension.where(url='http://hl7.org/fhir/StructureDefinition/condition-assertedDate')","mustHave":false,"linkedGroups":[]},{"attributeRef":"Condition.identifier","fhirPath":"Condition.identifier","mustHave":false,"linkedGroups":[]},{"attributeRef":"Condition.note","fhirPath":"Condition.note","mustHave":false,"linkedGroups":[]},{"attributeRef":"Condition.severity","fhirPath":"Condition.severity","mustHave":false,"linkedGroups":[]},{"attributeRef":"Condition.stage","fhirPath":"Condition.stage","mustHave":false,"linkedGroups":[]},{"attributeRef":"Condition.text","fhirPath":"Condition.text","mustHave":false,"linkedGroups":[]}],"filter":[],"includeReferenceOnly":false},{"name":"MII PR Prozedur Procedure","id":"fb5a0c9c-3af5-4012-809c-e99107c4c5fb","resourceType":"Procedure","groupReference":"https://www.medizininformatik-initiative.de/fhir/core/modul-prozedur/StructureDefinition/Procedure","attributes":[{"attributeRef":"Procedure.id","fhirPath":"Procedure.id","mustHave":false,"linkedGroups":[]},{"attributeRef":"Procedure.meta.profile","fhirPath":"Procedure.meta.profile","mustHave":false,"linkedGroups":[]},{"attributeRef":"Procedure.subject","fhirPath":"Procedure.subject","mustHave":false,"linkedGroups":["90082bc6-2007-4c8e-b083-d88034ea7f07"]},{"attributeRef":"Procedure.bodySite","fhirPath":"Procedure.bodySite","mustHave":false,"linkedGroups":[]},{"attributeRef":"Procedure.code","fhirPath":"Procedure.code","mustHave":false,"linkedGroups":[]},{"attributeRef":"Procedure.performed[x]","fhirPath":"Procedure.performed","mustHave":false,"linkedGroups":[]},{"attributeRef":"Procedure.status","fhirPath":"Procedure.status","mustHave":false,"linkedGroups":[]}],"filter":[],"includeReferenceOnly":false},{"name":"Laboratory test","id":"b5a69311-c436-4e3c-94e5-69fabccf6bc5","resourceType":"Observation","groupReference":"https://www.medizininformatik-initiative.de/fhir/core/modul-labor/StructureDefinition/ObservationLab","attributes":[{"attributeRef":"Observation.id","fhirPath":"Observation.id","mustHave":false,"linkedGroups":[]},{"attributeRef":"Observation.meta.profile","fhirPath":"Observation.meta.profile","mustHave":false,"linkedGroups":[]},{"attributeRef":"Observation.subject","fhirPath":"Observation.subject","mustHave":false,"linkedGroups":["90082bc6-2007-4c8e-b083-d88034ea7f07"]},{"attributeRef":"Observation.code","fhirPath":"Observation.code","mustHave":false,"linkedGroups":[]},{"attributeRef":"Observation.dataAbsentReason","fhirPath":"Observation.dataAbsentReason","mustHave":false,"linkedGroups":[]},{"attributeRef":"Observation.effective[x]","fhirPath":"Observation.effective","mustHave":false,"linkedGroups":[]},{"attributeRef":"Observation.identifier","fhirPath":"Observation.identifier","mustHave":false,"linkedGroups":[]},{"attributeRef":"Observation.interpretation","fhirPath":"Observation.interpretation","mustHave":false,"linkedGroups":[]},{"attributeRef":"Observation.referenceRange","fhirPath":"Observation.referenceRange","mustHave":false,"linkedGroups":[]},{"attributeRef":"Observation.value[x]","fhirPath":"Observation.value","mustHave":false,"linkedGroups":[]},{"attributeRef":"Observation.encounter","fhirPath":"Observation.encounter","mustHave":false,"linkedGroups":["64d85b08-4b2b-4edd-a599-3eb301d2ddc0"]}],"filter":[],"includeReferenceOnly":false},{"name":"MII PR Fall Kontakt mit einer Gesundheitseinrichtung","id":"64d85b08-4b2b-4edd-a599-3eb301d2ddc0","resourceType":"Encounter","groupReference":"https://www.medizininformatik-initiative.de/fhir/core/modul-fall/StructureDefinition/KontaktGesundheitseinrichtung","attributes":[{"attributeRef":"Encounter.id","fhirPath":"Encounter.id","mustHave":false,"linkedGroups":[]},{"attributeRef":"Encounter.meta.profile","fhirPath":"Encounter.meta.profile","mustHave":false,"linkedGroups":[]},{"attributeRef":"Encounter.subject","fhirPath":"Encounter.subject","mustHave":false,"linkedGroups":["90082bc6-2007-4c8e-b083-d88034ea7f07"]},{"attributeRef":"Encounter.class","fhirPath":"Encounter.class","mustHave":false,"linkedGroups":[]},{"attributeRef":"Encounter.identifier","fhirPath":"Encounter.identifier","mustHave":false,"linkedGroups":[]},{"attributeRef":"Encounter.period","fhirPath":"Encounter.period","mustHave":false,"linkedGroups":[]},{"attributeRef":"Encounter.serviceType","fhirPath":"Encounter.serviceType","mustHave":false,"linkedGroups":[]},{"attributeRef":"Encounter.status","fhirPath":"Encounter.status","mustHave":false,"linkedGroups":[]},{"attributeRef":"Encounter.type","fhirPath":"Encounter.type","mustHave":false,"linkedGroups":[]}],"filter":[],"includeReferenceOnly":false},{"name":"Medication administration","id":"86ac3c6e-1f0c-46fc-8524-28347db78d59","resourceType":"MedicationAdministration","groupReference":"https://www.medizininformatik-initiative.de/fhir/core/modul-medikation/StructureDefinition/MedicationAdministration","attributes":[{"attributeRef":"MedicationAdministration.id","fhirPath":"MedicationAdministration.id","mustHave":false,"linkedGroups":[]},{"attributeRef":"MedicationAdministration.meta.profile","fhirPath":"MedicationAdministration.meta.profile","mustHave":false,"linkedGroups":[]},{"attributeRef":"MedicationAdministration.subject","fhirPath":"MedicationAdministration.subject","mustHave":false,"linkedGroups":["90082bc6-2007-4c8e-b083-d88034ea7f07"]},{"attributeRef":"MedicationAdministration.effective[x]","fhirPath":"MedicationAdministration.effective","mustHave":false,"linkedGroups":[]},{"attributeRef":"MedicationAdministration.identifier","fhirPath":"MedicationAdministration.identifier","mustHave":false,"linkedGroups":[]},{"attributeRef":"MedicationAdministration.status","fhirPath":"MedicationAdministration.status","mustHave":false,"linkedGroups":[]},{"attributeRef":"MedicationAdministration.medication[x]","fhirPath":"MedicationAdministration.medication","mustHave":false,"linkedGroups":["07c08085-d2ae-4ed3-a0ec-385ac928f91a"]}],"filter":[],"includeReferenceOnly":false},{"name":"MII PR Medikation Medication","id":"07c08085-d2ae-4ed3-a0ec-385ac928f91a","resourceType":"Medication","groupReference":"https://www.medizininformatik-initiative.de/fhir/core/modul-medikation/StructureDefinition/Medication","attributes":[{"attributeRef":"Medication.id","fhirPath":"Medication.id","mustHave":false,"linkedGroups":[]},{"attributeRef":"Medication.meta.profile","fhirPath":"Medication.meta.profile","mustHave":false,"linkedGroups":[]},{"attributeRef":"Medication.code","fhirPath":"Medication.code","mustHave":false,"linkedGroups":[]},{"attributeRef":"Medication.ingredient","fhirPath":"Medication.ingredient","mustHave":false,"linkedGroups":[]},{"attributeRef":"Medication.ingredient.item[x]","fhirPath":"Medication.ingredient.item","mustHave":false,"linkedGroups":["48176de1-0ad0-4191-a18b-53f260319730"]}],"filter":[],"includeReferenceOnly":false},{"name":"Medication Ingredient","id":"48176de1-0ad0-4191-a18b-53f260319730","resourceType":"Medication","groupReference":"https://www.medizininformatik-initiative.de/fhir/core/modul-medikation/StructureDefinition/Medication","attributes":[{"attributeRef":"Medication.id","fhirPath":"Medication.id","mustHave":false,"linkedGroups":[]},{"attributeRef":"Medication.meta.profile","fhirPath":"Medication.meta.profile","mustHave":false,"linkedGroups":[]},{"attributeRef":"Medication.code","fhirPath":"Medication.code","mustHave":false,"linkedGroups":[]},{"attributeRef":"Medication.ingredient","fhirPath":"Medication.ingredient","mustHave":false,"linkedGroups":[]}],"filter":[],"includeReferenceOnly":true}]},"consentCodes":null},"paramBatch":[],"kickOffUrl":"http://localhost:8086/fhir/$extract-data"},"priority":"NORMAL","coreState":{"status":"FINISHED","startedAt":"2026-09-25T11:46:17.616494839Z","finishedAt":"2026-09-25T11:46:17.680499464Z","retry":0},"version":7,"nextBatch":null}},{"url":"torch-job-diagnostics-summary","valueUrl":"http://localhost/9b29d1ed-79a5-4602-a05e-0cb886d7fa28/reports/job-summary.json","valueObject":{"Num-Cohort-Patients":30,"Num-Final-Patients":30,"Cohort-Query-Duration-Ms":173,"Duration-Measurements":{"COPY_REDACT":{"medianMs":26,"averageMs":15},"CONSENT_FETCH":{"medianMs":0,"averageMs":0},"REFERENCE_RESOLVE":{"medianMs":40,"averageMs":24},"CASCADING_DELETE":{"medianMs":1,"averageMs":0},"DIRECT_LOAD":{"medianMs":54,"averageMs":31}},"Patient-Exclusions":{"DIRECT_LOAD":0,"CASCADING_DELETE":0,"CONSENT_FETCH":0},"Resource-Exclusions":{},"Resource-Inclusions":{"07c08085-d2ae-4ed3-a0ec-385ac928f91a":27,"90082bc6-2007-4c8e-b083-d88034ea7f07":30,"b5a69311-c436-4e3c-94e5-69fabccf6bc5":31,"fb5a0c9c-3af5-4012-809c-e99107c4c5fb":20,"508c05ea-1def-46a4-830e-252bd8b25dfa":10,"48176de1-0ad0-4191-a18b-53f260319730":1,"47697a47-66b7-435d-99a8-3f1b7e219a5c":10,"64d85b08-4b2b-4edd-a599-3eb301d2ddc0":10,"86ac3c6e-1f0c-46fc-8524-28347db78d59":20}}},{"url":"torch-resource-exclusions","valueUrl":"http://localhost/9b29d1ed-79a5-4602-a05e-0cb886d7fa28/reports/resource-exclusions.csv"},{"url":"torch-patient-exclusions","valueUrl":"http://localhost/9b29d1ed-79a5-4602-a05e-0cb886d7fa28/reports/patient-exclusions.csv"}]}]
2026/09/25 13:46:22 [DEBUG] Parsing TORCH extraction result | [body_length 14315]
2026/09/25 13:46:22 [DEBUG] Parsed TORCH simple format response | [file_count 2]
2026/09/25 13:46:22 [DEBUG] Using absolute URL from TORCH | [url http://localhost/9b29d1ed-79a5-4602-a05e-0cb886d7fa28/e441feff-bdb9-4a49-b103-38a24211da84.ndjson]
2026/09/25 13:46:22 [DEBUG] Using absolute URL from TORCH | [url http://localhost/9b29d1ed-79a5-4602-a05e-0cb886d7fa28/core.ndjson]
2026/09/25 13:46:22 [DEBUG] Extracted URLs from simple format | [file_count 2]
2026/09/25 13:46:22 [INFO] TORCH extraction completed | [polls 2]
2026/09/25 13:46:22 [INFO] Downloading TORCH extraction files | [file_count 2 destination jobs/20260925_1146_e184ccf8-df64-48c0-b2e4-ddb9ed15f2da/import]
2026/09/25 13:46:22 [DEBUG] Downloading TORCH file | [index 1 total 2 url http://localhost/9b29d1ed-79a5-4602-a05e-0cb886d7fa28/e441feff-bdb9-4a49-b103-38a24211da84.ndjson]
2026/09/25 13:46:22 [DEBUG] Service call | [service localhost endpoint /9b29d1ed-79a5-4602-a05e-0cb886d7fa28/e441feff-bdb9-4a49-b103-38a24211da84.ndjson method HEAD]
2026/09/25 13:46:22 [DEBUG] Service response | [service localhost status 200 duration 4.587792ms]
2026/09/25 13:46:22 [DEBUG] File is available | [url http://localhost/9b29d1ed-79a5-4602-a05e-0cb886d7fa28/e441feff-bdb9-4a49-b103-38a24211da84.ndjson attempt 1]
2026/09/25 13:46:22 [INFO] Downloaded TORCH file | [file e441feff-bdb9-4a49-b103-38a24211da84.ndjson size 194364 resources 30 compressed false]
2026/09/25 13:46:22 [DEBUG] Downloading TORCH file | [index 2 total 2 url http://localhost/9b29d1ed-79a5-4602-a05e-0cb886d7fa28/core.ndjson]
2026/09/25 13:46:22 [DEBUG] Service call | [service localhost endpoint /9b29d1ed-79a5-4602-a05e-0cb886d7fa28/core.ndjson method HEAD]
2026/09/25 13:46:22 [DEBUG] Service response | [service localhost status 200 duration 1.170292ms]
2026/09/25 13:46:22 [DEBUG] File is available | [url http://localhost/9b29d1ed-79a5-4602-a05e-0cb886d7fa28/core.ndjson attempt 1]
2026/09/25 13:46:22 [INFO] Downloaded TORCH file | [file core.ndjson size 26445 resources 1 compressed false]
2026/09/25 13:46:22 [INFO] All TORCH files downloaded successfully | [total_files 2]
2026/09/25 13:46:22 [INFO] Step completed | [step torch job_id 20260925_1146_e184ccf8-df64-48c0-b2e4-ddb9ed15f2da files 2 duration 5.06931575s]
2026/09/25 13:46:22 [INFO] Step started | [step dimp job_id 20260925_1146_e184ccf8-df64-48c0-b2e4-ddb9ed15f2da]
2026/09/25 13:46:22 [DEBUG] Processing FHIR resource | [file core.ndjson resource_number 1 resourceType Bundle id ce483351-3642-41f1-90d4-6fef7255a44c]
2026/09/25 13:46:22 [DEBUG] Bundle size below threshold, processing directly | [bundle_id ce483351-3642-41f1-90d4-6fef7255a44c size_bytes 26444 threshold_bytes 10485760]
2026/09/25 13:46:22 [DEBUG] Sending resource to DIMP | [resourceType Bundle id ce483351-3642-41f1-90d4-6fef7255a44c url http://localhost:8083/fhir/$de-identify]
2026/09/25 13:46:22 [DEBUG] Service call | [service localhost:8083 endpoint /fhir/$de-identify method POST]
2026/09/25 13:46:22 [DEBUG] Service response | [service localhost:8083 status 200 duration 149.585ms]
2026/09/25 13:46:22 [DEBUG] Resource ID pseudonymized | [resourceType Bundle original_id ce483351-3642-41f1-90d4-6fef7255a44c new_id 2bdc5981825f3e899ea876f4bd86067d]
2026/09/25 13:46:22 [DEBUG] Processing FHIR resource | [file e441feff-bdb9-4a49-b103-38a24211da84.ndjson resource_number 1 resourceType Bundle id e60a82b6-3cee-44aa-a6a8-efca9b00648b]
2026/09/25 13:46:22 [DEBUG] Bundle size below threshold, processing directly | [bundle_id e60a82b6-3cee-44aa-a6a8-efca9b00648b size_bytes 1396 threshold_bytes 10485760]
2026/09/25 13:46:22 [DEBUG] Sending resource to DIMP | [resourceType Bundle id e60a82b6-3cee-44aa-a6a8-efca9b00648b url http://localhost:8083/fhir/$de-identify]
2026/09/25 13:46:22 [DEBUG] Service call | [service localhost:8083 endpoint /fhir/$de-identify method POST]
2026/09/25 13:46:22 [DEBUG] Service response | [service localhost:8083 status 200 duration 23.739084ms]
2026/09/25 13:46:22 [DEBUG] Resource ID pseudonymized | [resourceType Bundle original_id e60a82b6-3cee-44aa-a6a8-efca9b00648b new_id 24d65b03699ccb326fbf2f43de6cbab9]
2026/09/25 13:46:22 [DEBUG] Processing FHIR resource | [file e441feff-bdb9-4a49-b103-38a24211da84.ndjson resource_number 2 resourceType Bundle id 5f1f53e2-60d7-4cc8-83c7-f30342d22978]
2026/09/25 13:46:22 [DEBUG] Bundle size below threshold, processing directly | [bundle_id 5f1f53e2-60d7-4cc8-83c7-f30342d22978 size_bytes 1407 threshold_bytes 10485760]
2026/09/25 13:46:22 [DEBUG] Sending resource to DIMP | [resourceType Bundle id 5f1f53e2-60d7-4cc8-83c7-f30342d22978 url http://localhost:8083/fhir/$de-identify]
2026/09/25 13:46:22 [DEBUG] Service call | [service localhost:8083 endpoint /fhir/$de-identify method POST]
2026/09/25 13:46:22 [DEBUG] Service response | [service localhost:8083 status 200 duration 15.398542ms]
2026/09/25 13:46:22 [DEBUG] Resource ID pseudonymized | [resourceType Bundle original_id 5f1f53e2-60d7-4cc8-83c7-f30342d22978 new_id 2c5a11bac500d799d869d4eb0930946f]
2026/09/25 13:46:22 [DEBUG] Processing FHIR resource | [file e441feff-bdb9-4a49-b103-38a24211da84.ndjson resource_number 3 resourceType Bundle id 6e4540f2-dd55-4229-b5d8-b45fa26fad5b]
2026/09/25 13:46:22 [DEBUG] Bundle size below threshold, processing directly | [bundle_id 6e4540f2-dd55-4229-b5d8-b45fa26fad5b size_bytes 1401 threshold_bytes 10485760]
2026/09/25 13:46:22 [DEBUG] Sending resource to DIMP | [resourceType Bundle id 6e4540f2-dd55-4229-b5d8-b45fa26fad5b url http://localhost:8083/fhir/$de-identify]
2026/09/25 13:46:22 [DEBUG] Service call | [service localhost:8083 endpoint /fhir/$de-identify method POST]
2026/09/25 13:46:22 [DEBUG] Service response | [service localhost:8083 status 200 duration 16.818625ms]
2026/09/25 13:46:22 [DEBUG] Resource ID pseudonymized | [resourceType Bundle original_id 6e4540f2-dd55-4229-b5d8-b45fa26fad5b new_id 0ac658d746655e85bb843f1b56844b12]
2026/09/25 13:46:22 [DEBUG] Processing FHIR resource | [file e441feff-bdb9-4a49-b103-38a24211da84.ndjson resource_number 4 resourceType Bundle id 8707797b-41a6-4a56-b1b5-e9b15787c0cc]
2026/09/25 13:46:22 [DEBUG] Bundle size below threshold, processing directly | [bundle_id 8707797b-41a6-4a56-b1b5-e9b15787c0cc size_bytes 1668 threshold_bytes 10485760]
2026/09/25 13:46:22 [DEBUG] Sending resource to DIMP | [resourceType Bundle id 8707797b-41a6-4a56-b1b5-e9b15787c0cc url http://localhost:8083/fhir/$de-identify]
2026/09/25 13:46:22 [DEBUG] Service call | [service localhost:8083 endpoint /fhir/$de-identify method POST]
2026/09/25 13:46:22 [DEBUG] Service response | [service localhost:8083 status 200 duration 112.496667ms]
2026/09/25 13:46:22 [DEBUG] Resource ID pseudonymized | [resourceType Bundle original_id 8707797b-41a6-4a56-b1b5-e9b15787c0cc new_id ce3e9041b11f2984ebefa09678d1bc8d]
2026/09/25 13:46:22 [DEBUG] Processing FHIR resource | [file e441feff-bdb9-4a49-b103-38a24211da84.ndjson resource_number 5 resourceType Bundle id 8fea6676-8749-494e-b442-1524e4b88f1b]
2026/09/25 13:46:22 [DEBUG] Bundle size below threshold, processing directly | [bundle_id 8fea6676-8749-494e-b442-1524e4b88f1b size_bytes 16874 threshold_bytes 10485760]
2026/09/25 13:46:22 [DEBUG] Sending resource to DIMP | [resourceType Bundle id 8fea6676-8749-494e-b442-1524e4b88f1b url http://localhost:8083/fhir/$de-identify]
2026/09/25 13:46:22 [DEBUG] Service call | [service localhost:8083 endpoint /fhir/$de-identify method POST]
2026/09/25 13:46:22 [DEBUG] Service response | [service localhost:8083 status 200 duration 54.15ms]
2026/09/25 13:46:22 [DEBUG] Resource ID pseudonymized | [resourceType Bundle original_id 8fea6676-8749-494e-b442-1524e4b88f1b new_id 207ee2f53fc8f7340a378a3fe9c964d1]
2026/09/25 13:46:22 [DEBUG] Processing FHIR resource | [file e441feff-bdb9-4a49-b103-38a24211da84.ndjson resource_number 6 resourceType Bundle id 65aed95d-5acb-4aa6-b668-029caaa90e6f]
2026/09/25 13:46:22 [DEBUG] Bundle size below threshold, processing directly | [bundle_id 65aed95d-5acb-4aa6-b668-029caaa90e6f size_bytes 1408 threshold_bytes 10485760]
2026/09/25 13:46:22 [DEBUG] Sending resource to DIMP | [resourceType Bundle id 65aed95d-5acb-4aa6-b668-029caaa90e6f url http://localhost:8083/fhir/$de-identify]
2026/09/25 13:46:22 [DEBUG] Service call | [service localhost:8083 endpoint /fhir/$de-identify method POST]
2026/09/25 13:46:22 [DEBUG] Service response | [service localhost:8083 status 200 duration 15.741916ms]
2026/09/25 13:46:22 [DEBUG] Resource ID pseudonymized | [resourceType Bundle original_id 65aed95d-5acb-4aa6-b668-029caaa90e6f new_id 4f914f4d8c3bf6e13756ca9731ddf11b]
2026/09/25 13:46:22 [DEBUG] Processing FHIR resource | [file e441feff-bdb9-4a49-b103-38a24211da84.ndjson resource_number 7 resourceType Bundle id 8aab9184-3903-4633-9165-2dafc6b8d64f]
2026/09/25 13:46:22 [DEBUG] Bundle size below threshold, processing directly | [bundle_id 8aab9184-3903-4633-9165-2dafc6b8d64f size_bytes 1406 threshold_bytes 10485760]
2026/09/25 13:46:22 [DEBUG] Sending resource to DIMP | [resourceType Bundle id 8aab9184-3903-4633-9165-2dafc6b8d64f url http://localhost:8083/fhir/$de-identify]
2026/09/25 13:46:22 [DEBUG] Service call | [service localhost:8083 endpoint /fhir/$de-identify method POST]
2026/09/25 13:46:22 [DEBUG] Service response | [service localhost:8083 status 200 duration 15.253166ms]
2026/09/25 13:46:22 [DEBUG] Resource ID pseudonymized | [resourceType Bundle original_id 8aab9184-3903-4633-9165-2dafc6b8d64f new_id 21f36c588a03dfe49ff54a63c9690911]
2026/09/25 13:46:22 [DEBUG] Processing FHIR resource | [file e441feff-bdb9-4a49-b103-38a24211da84.ndjson resource_number 8 resourceType Bundle id 796ab7eb-b32d-47f7-9327-f938d8e3d987]
2026/09/25 13:46:22 [DEBUG] Bundle size below threshold, processing directly | [bundle_id 796ab7eb-b32d-47f7-9327-f938d8e3d987 size_bytes 1408 threshold_bytes 10485760]
2026/09/25 13:46:22 [DEBUG] Sending resource to DIMP | [resourceType Bundle id 796ab7eb-b32d-47f7-9327-f938d8e3d987 url http://localhost:8083/fhir/$de-identify]
2026/09/25 13:46:22 [DEBUG] Service call | [service localhost:8083 endpoint /fhir/$de-identify method POST]
2026/09/25 13:46:22 [DEBUG] Service response | [service localhost:8083 status 200 duration 26.340958ms]
2026/09/25 13:46:22 [DEBUG] Resource ID pseudonymized | [resourceType Bundle original_id 796ab7eb-b32d-47f7-9327-f938d8e3d987 new_id 48e8f68cfb6423f2be1aaad9a2e7b995]
2026/09/25 13:46:22 [DEBUG] Processing FHIR resource | [file e441feff-bdb9-4a49-b103-38a24211da84.ndjson resource_number 9 resourceType Bundle id d9c3d58d-e366-471f-9b37-d6c4b6837b22]
2026/09/25 13:46:22 [DEBUG] Bundle size below threshold, processing directly | [bundle_id d9c3d58d-e366-471f-9b37-d6c4b6837b22 size_bytes 1408 threshold_bytes 10485760]
2026/09/25 13:46:22 [DEBUG] Sending resource to DIMP | [resourceType Bundle id d9c3d58d-e366-471f-9b37-d6c4b6837b22 url http://localhost:8083/fhir/$de-identify]
2026/09/25 13:46:22 [DEBUG] Service call | [service localhost:8083 endpoint /fhir/$de-identify method POST]
2026/09/25 13:46:22 [DEBUG] Service response | [service localhost:8083 status 200 duration 17.728792ms]
2026/09/25 13:46:22 [DEBUG] Resource ID pseudonymized | [resourceType Bundle original_id d9c3d58d-e366-471f-9b37-d6c4b6837b22 new_id ad12130ac76f08a5c33917634cfe7108]
2026/09/25 13:46:22 [DEBUG] Processing FHIR resource | [file e441feff-bdb9-4a49-b103-38a24211da84.ndjson resource_number 10 resourceType Bundle id 9f255115-b8c3-4671-aea4-5c70732d527b]
2026/09/25 13:46:22 [DEBUG] Bundle size below threshold, processing directly | [bundle_id 9f255115-b8c3-4671-aea4-5c70732d527b size_bytes 16869 threshold_bytes 10485760]
2026/09/25 13:46:22 [DEBUG] Sending resource to DIMP | [resourceType Bundle id 9f255115-b8c3-4671-aea4-5c70732d527b url http://localhost:8083/fhir/$de-identify]
2026/09/25 13:46:22 [DEBUG] Service call | [service localhost:8083 endpoint /fhir/$de-identify method POST]
2026/09/25 13:46:22 [DEBUG] Service response | [service localhost:8083 status 200 duration 44.778334ms]
2026/09/25 13:46:22 [DEBUG] Resource ID pseudonymized | [resourceType Bundle original_id 9f255115-b8c3-4671-aea4-5c70732d527b new_id c69218860f5bcf97503775604ffbab20]
2026/09/25 13:46:22 [DEBUG] Processing FHIR resource | [file e441feff-bdb9-4a49-b103-38a24211da84.ndjson resource_number 11 resourceType Bundle id 60ace7b7-95a3-479d-8a08-9ac2bc81d577]
2026/09/25 13:46:22 [DEBUG] Bundle size below threshold, processing directly | [bundle_id 60ace7b7-95a3-479d-8a08-9ac2bc81d577 size_bytes 1406 threshold_bytes 10485760]
2026/09/25 13:46:22 [DEBUG] Sending resource to DIMP | [resourceType Bundle id 60ace7b7-95a3-479d-8a08-9ac2bc81d577 url http://localhost:8083/fhir/$de-identify]
2026/09/25 13:46:22 [DEBUG] Service call | [service localhost:8083 endpoint /fhir/$de-identify method POST]
2026/09/25 13:46:22 [DEBUG] Service response | [service localhost:8083 status 200 duration 16.239666ms]
2026/09/25 13:46:22 [DEBUG] Resource ID pseudonymized | [resourceType Bundle original_id 60ace7b7-95a3-479d-8a08-9ac2bc81d577 new_id a4eab64cef2759f9765c1904081bff6d]
2026/09/25 13:46:22 [DEBUG] Processing FHIR resource | [file e441feff-bdb9-4a49-b103-38a24211da84.ndjson resource_number 12 resourceType Bundle id 160474de-e6ee-43d6-b862-3a4140fd10e8]
2026/09/25 13:46:22 [DEBUG] Bundle size below threshold, processing directly | [bundle_id 160474de-e6ee-43d6-b862-3a4140fd10e8 size_bytes 1409 threshold_bytes 10485760]
2026/09/25 13:46:22 [DEBUG] Sending resource to DIMP | [resourceType Bundle id 160474de-e6ee-43d6-b862-3a4140fd10e8 url http://localhost:8083/fhir/$de-identify]
2026/09/25 13:46:22 [DEBUG] Service call | [service localhost:8083 endpoint /fhir/$de-identify method POST]
2026/09/25 13:46:22 [DEBUG] Service response | [service localhost:8083 status 200 duration 18.448709ms]
2026/09/25 13:46:22 [DEBUG] Resource ID pseudonymized | [resourceType Bundle original_id 160474de-e6ee-43d6-b862-3a4140fd10e8 new_id c51236ec8c6ff25234ec31fcf2c465b1]
2026/09/25 13:46:22 [DEBUG] Processing FHIR resource | [file e441feff-bdb9-4a49-b103-38a24211da84.ndjson resource_number 13 resourceType Bundle id 62bd2f5d-bb4f-4842-bfc1-4e478c0830f4]
2026/09/25 13:46:22 [DEBUG] Bundle size below threshold, processing directly | [bundle_id 62bd2f5d-bb4f-4842-bfc1-4e478c0830f4 size_bytes 1408 threshold_bytes 10485760]
2026/09/25 13:46:22 [DEBUG] Sending resource to DIMP | [resourceType Bundle id 62bd2f5d-bb4f-4842-bfc1-4e478c0830f4 url http://localhost:8083/fhir/$de-identify]
2026/09/25 13:46:22 [DEBUG] Service call | [service localhost:8083 endpoint /fhir/$de-identify method POST]
2026/09/25 13:46:22 [DEBUG] Service response | [service localhost:8083 status 200 duration 14.819583ms]
2026/09/25 13:46:22 [DEBUG] Resource ID pseudonymized | [resourceType Bundle original_id 62bd2f5d-bb4f-4842-bfc1-4e478c0830f4 new_id 6e2f5dbe7f88cf9e8eb5e075b8c0567e]
2026/09/25 13:46:22 [DEBUG] Processing FHIR resource | [file e441feff-bdb9-4a49-b103-38a24211da84.ndjson resource_number 14 resourceType Bundle id 6b8a786a-b22b-41bc-b8ae-74392ecb7028]
2026/09/25 13:46:22 [DEBUG] Bundle size below threshold, processing directly | [bundle_id 6b8a786a-b22b-41bc-b8ae-74392ecb7028 size_bytes 16859 threshold_bytes 10485760]
2026/09/25 13:46:22 [DEBUG] Sending resource to DIMP | [resourceType Bundle id 6b8a786a-b22b-41bc-b8ae-74392ecb7028 url http://localhost:8083/fhir/$de-identify]
2026/09/25 13:46:22 [DEBUG] Service call | [service localhost:8083 endpoint /fhir/$de-identify method POST]
2026/09/25 13:46:22 [DEBUG] Service response | [service localhost:8083 status 200 duration 52.519125ms]
2026/09/25 13:46:22 [DEBUG] Resource ID pseudonymized | [resourceType Bundle original_id 6b8a786a-b22b-41bc-b8ae-74392ecb7028 new_id ec3805d43726826db1bcbd2e6e940376]
2026/09/25 13:46:22 [DEBUG] Processing FHIR resource | [file e441feff-bdb9-4a49-b103-38a24211da84.ndjson resource_number 15 resourceType Bundle id 5fd82275-3782-4e13-8d39-35c8a4484681]
2026/09/25 13:46:22 [DEBUG] Bundle size below threshold, processing directly | [bundle_id 5fd82275-3782-4e13-8d39-35c8a4484681 size_bytes 1406 threshold_bytes 10485760]
2026/09/25 13:46:22 [DEBUG] Sending resource to DIMP | [resourceType Bundle id 5fd82275-3782-4e13-8d39-35c8a4484681 url http://localhost:8083/fhir/$de-identify]
2026/09/25 13:46:22 [DEBUG] Service call | [service localhost:8083 endpoint /fhir/$de-identify method POST]
2026/09/25 13:46:22 [DEBUG] Service response | [service localhost:8083 status 200 duration 36.426875ms]
2026/09/25 13:46:22 [DEBUG] Resource ID pseudonymized | [resourceType Bundle original_id 5fd82275-3782-4e13-8d39-35c8a4484681 new_id 8b199701bd7310eff5c0b54cbc179d42]
2026/09/25 13:46:22 [DEBUG] Processing FHIR resource | [file e441feff-bdb9-4a49-b103-38a24211da84.ndjson resource_number 16 resourceType Bundle id dcfdc18c-9a73-442d-a01f-06c6a7f9acfc]
2026/09/25 13:46:22 [DEBUG] Bundle size below threshold, processing directly | [bundle_id dcfdc18c-9a73-442d-a01f-06c6a7f9acfc size_bytes 18563 threshold_bytes 10485760]
2026/09/25 13:46:22 [DEBUG] Sending resource to DIMP | [resourceType Bundle id dcfdc18c-9a73-442d-a01f-06c6a7f9acfc url http://localhost:8083/fhir/$de-identify]
2026/09/25 13:46:22 [DEBUG] Service call | [service localhost:8083 endpoint /fhir/$de-identify method POST]
2026/09/25 13:46:22 [DEBUG] Service response | [service localhost:8083 status 200 duration 56.768125ms]
2026/09/25 13:46:22 [DEBUG] Resource ID pseudonymized | [resourceType Bundle original_id dcfdc18c-9a73-442d-a01f-06c6a7f9acfc new_id bf48c1b31170e51f1f008fb55722f6d5]
2026/09/25 13:46:22 [DEBUG] Processing FHIR resource | [file e441feff-bdb9-4a49-b103-38a24211da84.ndjson resource_number 17 resourceType Bundle id db2a4830-170b-48c6-a84e-b1e8c86de4ac]
2026/09/25 13:46:22 [DEBUG] Bundle size below threshold, processing directly | [bundle_id db2a4830-170b-48c6-a84e-b1e8c86de4ac size_bytes 16820 threshold_bytes 10485760]
2026/09/25 13:46:22 [DEBUG] Sending resource to DIMP | [resourceType Bundle id db2a4830-170b-48c6-a84e-b1e8c86de4ac url http://localhost:8083/fhir/$de-identify]
2026/09/25 13:46:22 [DEBUG] Service call | [service localhost:8083 endpoint /fhir/$de-identify method POST]
2026/09/25 13:46:22 [DEBUG] Service response | [service localhost:8083 status 200 duration 55.7005ms]
2026/09/25 13:46:22 [DEBUG] Resource ID pseudonymized | [resourceType Bundle original_id db2a4830-170b-48c6-a84e-b1e8c86de4ac new_id 2e7f94abaa59b00807d2005b1399cea6]
2026/09/25 13:46:22 [DEBUG] Processing FHIR resource | [file e441feff-bdb9-4a49-b103-38a24211da84.ndjson resource_number 18 resourceType Bundle id 4a333458-9864-41f4-9eb9-5394787b61fb]
2026/09/25 13:46:22 [DEBUG] Bundle size below threshold, processing directly | [bundle_id 4a333458-9864-41f4-9eb9-5394787b61fb size_bytes 16838 threshold_bytes 10485760]
2026/09/25 13:46:22 [DEBUG] Sending resource to DIMP | [resourceType Bundle id 4a333458-9864-41f4-9eb9-5394787b61fb url http://localhost:8083/fhir/$de-identify]
2026/09/25 13:46:22 [DEBUG] Service call | [service localhost:8083 endpoint /fhir/$de-identify method POST]
2026/09/25 13:46:22 [DEBUG] Service response | [service localhost:8083 status 200 duration 42.024833ms]
2026/09/25 13:46:22 [DEBUG] Resource ID pseudonymized | [resourceType Bundle original_id 4a333458-9864-41f4-9eb9-5394787b61fb new_id 28824d0e1cb9407c3807997ed97c9273]
2026/09/25 13:46:22 [DEBUG] Processing FHIR resource | [file e441feff-bdb9-4a49-b103-38a24211da84.ndjson resource_number 19 resourceType Bundle id 27203cb0-ba26-4d9a-9bbe-62ad9dc34665]
2026/09/25 13:46:22 [DEBUG] Bundle size below threshold, processing directly | [bundle_id 27203cb0-ba26-4d9a-9bbe-62ad9dc34665 size_bytes 19914 threshold_bytes 10485760]
2026/09/25 13:46:22 [DEBUG] Sending resource to DIMP | [resourceType Bundle id 27203cb0-ba26-4d9a-9bbe-62ad9dc34665 url http://localhost:8083/fhir/$de-identify]
2026/09/25 13:46:22 [DEBUG] Service call | [service localhost:8083 endpoint /fhir/$de-identify method POST]
2026/09/25 13:46:22 [DEBUG] Service response | [service localhost:8083 status 200 duration 44.697458ms]
2026/09/25 13:46:22 [DEBUG] Resource ID pseudonymized | [resourceType Bundle original_id 27203cb0-ba26-4d9a-9bbe-62ad9dc34665 new_id 2fd7e1b7b9ebe879bf53771ffc26f3b5]
2026/09/25 13:46:22 [DEBUG] Processing FHIR resource | [file e441feff-bdb9-4a49-b103-38a24211da84.ndjson resource_number 20 resourceType Bundle id fc61f77c-dc91-4393-b752-270291759557]
2026/09/25 13:46:22 [DEBUG] Bundle size below threshold, processing directly | [bundle_id fc61f77c-dc91-4393-b752-270291759557 size_bytes 13558 threshold_bytes 10485760]
2026/09/25 13:46:22 [DEBUG] Sending resource to DIMP | [resourceType Bundle id fc61f77c-dc91-4393-b752-270291759557 url http://localhost:8083/fhir/$de-identify]
2026/09/25 13:46:23 [DEBUG] Service call | [service localhost:8083 endpoint /fhir/$de-identify method POST]
2026/09/25 13:46:23 [DEBUG] Service response | [service localhost:8083 status 200 duration 38.839834ms]
2026/09/25 13:46:23 [DEBUG] Resource ID pseudonymized | [resourceType Bundle original_id fc61f77c-dc91-4393-b752-270291759557 new_id 1c94f125018f6d8595519035e82a4b08]
2026/09/25 13:46:23 [DEBUG] Processing FHIR resource | [file e441feff-bdb9-4a49-b103-38a24211da84.ndjson resource_number 21 resourceType Bundle id c558e8d9-49b6-4368-92c3-dd48e3ba2876]
2026/09/25 13:46:23 [DEBUG] Bundle size below threshold, processing directly | [bundle_id c558e8d9-49b6-4368-92c3-dd48e3ba2876 size_bytes 28269 threshold_bytes 10485760]
2026/09/25 13:46:23 [DEBUG] Sending resource to DIMP | [resourceType Bundle id c558e8d9-49b6-4368-92c3-dd48e3ba2876 url http://localhost:8083/fhir/$de-identify]
2026/09/25 13:46:23 [DEBUG] Service call | [service localhost:8083 endpoint /fhir/$de-identify method POST]
2026/09/25 13:46:23 [DEBUG] Service response | [service localhost:8083 status 200 duration 55.246708ms]
2026/09/25 13:46:23 [DEBUG] Resource ID pseudonymized | [resourceType Bundle original_id c558e8d9-49b6-4368-92c3-dd48e3ba2876 new_id 9d98928eae89bf67878441ade21c2b93]
2026/09/25 13:46:23 [DEBUG] Processing FHIR resource | [file e441feff-bdb9-4a49-b103-38a24211da84.ndjson resource_number 22 resourceType Bundle id ef0c8f60-eb60-425c-8010-98ae8795dfa0]
2026/09/25 13:46:23 [DEBUG] Bundle size below threshold, processing directly | [bundle_id ef0c8f60-eb60-425c-8010-98ae8795dfa0 size_bytes 1394 threshold_bytes 10485760]
2026/09/25 13:46:23 [DEBUG] Sending resource to DIMP | [resourceType Bundle id ef0c8f60-eb60-425c-8010-98ae8795dfa0 url http://localhost:8083/fhir/$de-identify]
2026/09/25 13:46:23 [DEBUG] Service call | [service localhost:8083 endpoint /fhir/$de-identify method POST]
2026/09/25 13:46:23 [DEBUG] Service response | [service localhost:8083 status 200 duration 15.542541ms]
2026/09/25 13:46:23 [DEBUG] Resource ID pseudonymized | [resourceType Bundle original_id ef0c8f60-eb60-425c-8010-98ae8795dfa0 new_id 156a42bfaee53778127365bf729b4596]
2026/09/25 13:46:23 [DEBUG] Processing FHIR resource | [file e441feff-bdb9-4a49-b103-38a24211da84.ndjson resource_number 23 resourceType Bundle id 09bcc56b-af3f-4978-90bb-eff69d884d02]
2026/09/25 13:46:23 [DEBUG] Bundle size below threshold, processing directly | [bundle_id 09bcc56b-af3f-4978-90bb-eff69d884d02 size_bytes 1403 threshold_bytes 10485760]
2026/09/25 13:46:23 [DEBUG] Sending resource to DIMP | [resourceType Bundle id 09bcc56b-af3f-4978-90bb-eff69d884d02 url http://localhost:8083/fhir/$de-identify]
2026/09/25 13:46:23 [DEBUG] Service call | [service localhost:8083 endpoint /fhir/$de-identify method POST]
2026/09/25 13:46:23 [DEBUG] Service response | [service localhost:8083 status 200 duration 16.63125ms]
2026/09/25 13:46:23 [DEBUG] Resource ID pseudonymized | [resourceType Bundle original_id 09bcc56b-af3f-4978-90bb-eff69d884d02 new_id dc3ad9c3d677a920fcd631d129fab989]
2026/09/25 13:46:23 [DEBUG] Processing FHIR resource | [file e441feff-bdb9-4a49-b103-38a24211da84.ndjson resource_number 24 resourceType Bundle id b70f4b00-ca8a-47f8-b485-451ca6643c45]
2026/09/25 13:46:23 [DEBUG] Bundle size below threshold, processing directly | [bundle_id b70f4b00-ca8a-47f8-b485-451ca6643c45 size_bytes 1416 threshold_bytes 10485760]
2026/09/25 13:46:23 [DEBUG] Sending resource to DIMP | [resourceType Bundle id b70f4b00-ca8a-47f8-b485-451ca6643c45 url http://localhost:8083/fhir/$de-identify]
2026/09/25 13:46:23 [DEBUG] Service call | [service localhost:8083 endpoint /fhir/$de-identify method POST]
2026/09/25 13:46:23 [DEBUG] Service response | [service localhost:8083 status 200 duration 14.870625ms]
2026/09/25 13:46:23 [DEBUG] Resource ID pseudonymized | [resourceType Bundle original_id b70f4b00-ca8a-47f8-b485-451ca6643c45 new_id 8044fdded0b5f63d437d99420e68a80b]
2026/09/25 13:46:23 [DEBUG] Processing FHIR resource | [file e441feff-bdb9-4a49-b103-38a24211da84.ndjson resource_number 25 resourceType Bundle id 065b2f82-37d1-4068-8ffb-1cf8f7ebed17]
2026/09/25 13:46:23 [DEBUG] Bundle size below threshold, processing directly | [bundle_id 065b2f82-37d1-4068-8ffb-1cf8f7ebed17 size_bytes 1405 threshold_bytes 10485760]
2026/09/25 13:46:23 [DEBUG] Sending resource to DIMP | [resourceType Bundle id 065b2f82-37d1-4068-8ffb-1cf8f7ebed17 url http://localhost:8083/fhir/$de-identify]
2026/09/25 13:46:23 [DEBUG] Service call | [service localhost:8083 endpoint /fhir/$de-identify method POST]
2026/09/25 13:46:23 [DEBUG] Service response | [service localhost:8083 status 200 duration 15.022417ms]
2026/09/25 13:46:23 [DEBUG] Resource ID pseudonymized | [resourceType Bundle original_id 065b2f82-37d1-4068-8ffb-1cf8f7ebed17 new_id 52418b8b7851345d57b4a5a6eb30d10b]
2026/09/25 13:46:23 [DEBUG] Processing FHIR resource | [file e441feff-bdb9-4a49-b103-38a24211da84.ndjson resource_number 26 resourceType Bundle id 2fd0ed3e-b26e-43a3-b2a7-e2aa34813395]
2026/09/25 13:46:23 [DEBUG] Bundle size below threshold, processing directly | [bundle_id 2fd0ed3e-b26e-43a3-b2a7-e2aa34813395 size_bytes 1408 threshold_bytes 10485760]
2026/09/25 13:46:23 [DEBUG] Sending resource to DIMP | [resourceType Bundle id 2fd0ed3e-b26e-43a3-b2a7-e2aa34813395 url http://localhost:8083/fhir/$de-identify]
2026/09/25 13:46:23 [DEBUG] Service call | [service localhost:8083 endpoint /fhir/$de-identify method POST]
2026/09/25 13:46:23 [DEBUG] Service response | [service localhost:8083 status 200 duration 18.240541ms]
2026/09/25 13:46:23 [DEBUG] Resource ID pseudonymized | [resourceType Bundle original_id 2fd0ed3e-b26e-43a3-b2a7-e2aa34813395 new_id b189384eebda47b03bdb94e19991fbd0]
2026/09/25 13:46:23 [DEBUG] Processing FHIR resource | [file e441feff-bdb9-4a49-b103-38a24211da84.ndjson resource_number 27 resourceType Bundle id 81740c2d-89a7-4e2c-bd9e-10e7ebcd037b]
2026/09/25 13:46:23 [DEBUG] Bundle size below threshold, processing directly | [bundle_id 81740c2d-89a7-4e2c-bd9e-10e7ebcd037b size_bytes 1406 threshold_bytes 10485760]
2026/09/25 13:46:23 [DEBUG] Sending resource to DIMP | [resourceType Bundle id 81740c2d-89a7-4e2c-bd9e-10e7ebcd037b url http://localhost:8083/fhir/$de-identify]
2026/09/25 13:46:23 [DEBUG] Service call | [service localhost:8083 endpoint /fhir/$de-identify method POST]
2026/09/25 13:46:23 [DEBUG] Service response | [service localhost:8083 status 200 duration 16.864375ms]
2026/09/25 13:46:23 [DEBUG] Resource ID pseudonymized | [resourceType Bundle original_id 81740c2d-89a7-4e2c-bd9e-10e7ebcd037b new_id b834097d24065806da8f9f3beeb02ab9]
2026/09/25 13:46:23 [DEBUG] Processing FHIR resource | [file e441feff-bdb9-4a49-b103-38a24211da84.ndjson resource_number 28 resourceType Bundle id b466455d-fbda-4bf0-ba03-890d4ee8e34c]
2026/09/25 13:46:23 [DEBUG] Bundle size below threshold, processing directly | [bundle_id b466455d-fbda-4bf0-ba03-890d4ee8e34c size_bytes 1396 threshold_bytes 10485760]
2026/09/25 13:46:23 [DEBUG] Sending resource to DIMP | [resourceType Bundle id b466455d-fbda-4bf0-ba03-890d4ee8e34c url http://localhost:8083/fhir/$de-identify]
2026/09/25 13:46:23 [DEBUG] Service call | [service localhost:8083 endpoint /fhir/$de-identify method POST]
2026/09/25 13:46:23 [DEBUG] Service response | [service localhost:8083 status 200 duration 18.851833ms]
2026/09/25 13:46:23 [DEBUG] Resource ID pseudonymized | [resourceType Bundle original_id b466455d-fbda-4bf0-ba03-890d4ee8e34c new_id 6e03259a940cc9bec57061bacf1d0f13]
2026/09/25 13:46:23 [DEBUG] Processing FHIR resource | [file e441feff-bdb9-4a49-b103-38a24211da84.ndjson resource_number 29 resourceType Bundle id 8991369d-6291-47c6-bfa3-7eeee83f9e34]
2026/09/25 13:46:23 [DEBUG] Bundle size below threshold, processing directly | [bundle_id 8991369d-6291-47c6-bfa3-7eeee83f9e34 size_bytes 1400 threshold_bytes 10485760]
2026/09/25 13:46:23 [DEBUG] Sending resource to DIMP | [resourceType Bundle id 8991369d-6291-47c6-bfa3-7eeee83f9e34 url http://localhost:8083/fhir/$de-identify]
2026/09/25 13:46:23 [DEBUG] Service call | [service localhost:8083 endpoint /fhir/$de-identify method POST]
2026/09/25 13:46:23 [DEBUG] Service response | [service localhost:8083 status 200 duration 21.148625ms]
2026/09/25 13:46:23 [DEBUG] Resource ID pseudonymized | [resourceType Bundle original_id 8991369d-6291-47c6-bfa3-7eeee83f9e34 new_id 7c86646b90440c0c3a37b370da2ede00]
2026/09/25 13:46:23 [DEBUG] Processing FHIR resource | [file e441feff-bdb9-4a49-b103-38a24211da84.ndjson resource_number 30 resourceType Bundle id c04a552f-5954-421e-8ab2-58ad48e59337]
2026/09/25 13:46:23 [DEBUG] Bundle size below threshold, processing directly | [bundle_id c04a552f-5954-421e-8ab2-58ad48e59337 size_bytes 1411 threshold_bytes 10485760]
2026/09/25 13:46:23 [DEBUG] Sending resource to DIMP | [resourceType Bundle id c04a552f-5954-421e-8ab2-58ad48e59337 url http://localhost:8083/fhir/$de-identify]
2026/09/25 13:46:23 [DEBUG] Service call | [service localhost:8083 endpoint /fhir/$de-identify method POST]
2026/09/25 13:46:23 [DEBUG] Service response | [service localhost:8083 status 200 duration 18.019584ms]
2026/09/25 13:46:23 [DEBUG] Resource ID pseudonymized | [resourceType Bundle original_id c04a552f-5954-421e-8ab2-58ad48e59337 new_id 80d8b3a64f0311b2c636402b1e4da745]
2026/09/25 13:46:23 [DEBUG] DIMP step completed | [files_processed 2 resources_processed 31 job_id 20260925_1146_e184ccf8-df64-48c0-b2e4-ddb9ed15f2da]
2026/09/25 13:46:23 [INFO] Step completed | [step dimp job_id 20260925_1146_e184ccf8-df64-48c0-b2e4-ddb9ed15f2da files 2 duration 1.115500125s]
2026/09/25 13:46:23 [INFO] Step started | [step flattening job_id 20260925_1146_e184ccf8-df64-48c0-b2e4-ddb9ed15f2da]
2026/09/25 13:46:23 [DEBUG] Loading CRTDL file | [path jobs/20260925_1146_e184ccf8-df64-48c0-b2e4-ddb9ed15f2da/enriched-crtdl.json]
2026/09/25 13:46:23 [DEBUG] Loading lookup tables | [path ./flatteningLookup.json]
2026/09/25 13:46:23 [INFO] Streaming FHIR resources from input files | [input_dir jobs/20260925_1146_e184ccf8-df64-48c0-b2e4-ddb9ed15f2da/dimp file_count 2 job_id 20260925_1146_e184ccf8-df64-48c0-b2e4-ddb9ed15f2da]
2026/09/25 13:46:23 [INFO] Built provenance index | [provenance_entries 148 provenance_source jobs/20260925_1146_e184ccf8-df64-48c0-b2e4-ddb9ed15f2da/dimp job_id 20260925_1146_e184ccf8-df64-48c0-b2e4-ddb9ed15f2da]
2026/09/25 13:46:23 [DEBUG] Flushing batch | [group_name Patients resource_count 30 byte_size 20914]
2026/09/25 13:46:23 [DEBUG] Sending resources to flattener | [viewDefinition Patients resourceCount 30 resourceType Patient url http://localhost:8088/fhir/ViewDefinition/$run?_format=ndjson]
2026/09/25 13:46:24 [DEBUG] Service call | [service localhost:8088 endpoint /fhir/ViewDefinition/$run method POST]
2026/09/25 13:46:24 [DEBUG] Service response | [service localhost:8088 status 200 duration 884.979541ms]
2026/09/25 13:46:24 [DEBUG] Flattener returned rows | [viewDefinition Patients rows 30]
2026/09/25 13:46:24 [DEBUG] Flushing batch | [group_name diagnosis-code-and-rec-date-only resource_count 10 byte_size 11275]
2026/09/25 13:46:24 [DEBUG] Sending resources to flattener | [viewDefinition diagnosis-code-and-rec-date-only resourceCount 10 resourceType Condition url http://localhost:8088/fhir/ViewDefinition/$run?_format=ndjson]
2026/09/25 13:46:25 [DEBUG] Service call | [service localhost:8088 endpoint /fhir/ViewDefinition/$run method POST]
2026/09/25 13:46:25 [DEBUG] Service response | [service localhost:8088 status 200 duration 216.875833ms]
2026/09/25 13:46:25 [DEBUG] Flattener returned rows | [viewDefinition diagnosis-code-and-rec-date-only rows 10]
2026/09/25 13:46:25 [DEBUG] Flushing batch | [group_name Diagnosis-all-fields resource_count 10 byte_size 11275]
2026/09/25 13:46:25 [DEBUG] Sending resources to flattener | [viewDefinition Diagnosis-all-fields resourceCount 10 resourceType Condition url http://localhost:8088/fhir/ViewDefinition/$run?_format=ndjson]
2026/09/25 13:46:25 [DEBUG] Service call | [service localhost:8088 endpoint /fhir/ViewDefinition/$run method POST]
2026/09/25 13:46:25 [DEBUG] Service response | [service localhost:8088 status 200 duration 874.260833ms]
2026/09/25 13:46:25 [DEBUG] Flattener returned rows | [viewDefinition Diagnosis-all-fields rows 10]
2026/09/25 13:46:25 [DEBUG] Flushing batch | [group_name MII PR Prozedur Procedure resource_count 20 byte_size 17443]
2026/09/25 13:46:25 [DEBUG] Sending resources to flattener | [viewDefinition MII PR Prozedur Procedure resourceCount 20 resourceType Procedure url http://localhost:8088/fhir/ViewDefinition/$run?_format=ndjson]
2026/09/25 13:46:26 [DEBUG] Service call | [service localhost:8088 endpoint /fhir/ViewDefinition/$run method POST]
2026/09/25 13:46:26 [DEBUG] Service response | [service localhost:8088 status 200 duration 502.933792ms]
2026/09/25 13:46:26 [DEBUG] Flattener returned rows | [viewDefinition MII PR Prozedur Procedure rows 20]
2026/09/25 13:46:26 [DEBUG] Flushing batch | [group_name Laboratory test resource_count 31 byte_size 41579]
2026/09/25 13:46:26 [DEBUG] Sending resources to flattener | [viewDefinition Laboratory test resourceCount 31 resourceType Observation url http://localhost:8088/fhir/ViewDefinition/$run?_format=ndjson]
2026/09/25 13:46:27 [DEBUG] Service call | [service localhost:8088 endpoint /fhir/ViewDefinition/$run method POST]
2026/09/25 13:46:27 [DEBUG] Service response | [service localhost:8088 status 200 duration 1.172262208s]
2026/09/25 13:46:27 [DEBUG] Flattener returned rows | [viewDefinition Laboratory test rows 31]
2026/09/25 13:46:27 [DEBUG] Flushing batch | [group_name MII PR Fall Kontakt mit einer Gesundheitseinrichtung resource_count 10 byte_size 12459]
2026/09/25 13:46:27 [DEBUG] Sending resources to flattener | [viewDefinition MII PR Fall Kontakt mit einer Gesundheitseinrichtung resourceCount 10 resourceType Encounter url http://localhost:8088/fhir/ViewDefinition/$run?_format=ndjson]
2026/09/25 13:46:27 [DEBUG] Service call | [service localhost:8088 endpoint /fhir/ViewDefinition/$run method POST]
2026/09/25 13:46:27 [DEBUG] Service response | [service localhost:8088 status 200 duration 403.107375ms]
2026/09/25 13:46:27 [DEBUG] Flattener returned rows | [viewDefinition MII PR Fall Kontakt mit einer Gesundheitseinrichtung rows 20]
2026/09/25 13:46:27 [DEBUG] Flushing batch | [group_name Medication administration resource_count 20 byte_size 14043]
2026/09/25 13:46:27 [DEBUG] Sending resources to flattener | [viewDefinition Medication administration resourceCount 20 resourceType MedicationAdministration url http://localhost:8088/fhir/ViewDefinition/$run?_format=ndjson]
2026/09/25 13:46:28 [DEBUG] Service call | [service localhost:8088 endpoint /fhir/ViewDefinition/$run method POST]
2026/09/25 13:46:28 [DEBUG] Service response | [service localhost:8088 status 200 duration 287.572708ms]
2026/09/25 13:46:28 [DEBUG] Flattener returned rows | [viewDefinition Medication administration rows 20]
2026/09/25 13:46:28 [DEBUG] Flushing batch | [group_name MII PR Medikation Medication resource_count 27 byte_size 23660]
2026/09/25 13:46:28 [DEBUG] Sending resources to flattener | [viewDefinition MII PR Medikation Medication resourceCount 27 resourceType Medication url http://localhost:8088/fhir/ViewDefinition/$run?_format=ndjson]
2026/09/25 13:46:28 [DEBUG] Service call | [service localhost:8088 endpoint /fhir/ViewDefinition/$run method POST]
2026/09/25 13:46:28 [DEBUG] Service response | [service localhost:8088 status 200 duration 599.669375ms]
2026/09/25 13:46:28 [DEBUG] Flattener returned rows | [viewDefinition MII PR Medikation Medication rows 31]
2026/09/25 13:46:28 [DEBUG] Flushing batch | [group_name Medication Ingredient resource_count 1 byte_size 1879]
2026/09/25 13:46:28 [DEBUG] Sending resources to flattener | [viewDefinition Medication Ingredient resourceCount 1 resourceType Medication url http://localhost:8088/fhir/ViewDefinition/$run?_format=ndjson]
2026/09/25 13:46:29 [DEBUG] Service call | [service localhost:8088 endpoint /fhir/ViewDefinition/$run method POST]
2026/09/25 13:46:29 [DEBUG] Service response | [service localhost:8088 status 200 duration 609.3605ms]
2026/09/25 13:46:29 [DEBUG] Flattener returned rows | [viewDefinition Medication Ingredient rows 2]
2026/09/25 13:46:29 [DEBUG] Flattening step completed | [files_written 9 job_id 20260925_1146_e184ccf8-df64-48c0-b2e4-ddb9ed15f2da]
2026/09/25 13:46:29 [INFO] Step completed | [step flattening job_id 20260925_1146_e184ccf8-df64-48c0-b2e4-ddb9ed15f2da files 9 duration 6.256292334s]
2026/09/25 13:46:29 [DEBUG] Released job lock | [job_id 20260925_1146_e184ccf8-df64-48c0-b2e4-ddb9ed15f2da pid 43796]
